**********************
Windows PowerShell transcript start
Start time: 20170925153018
Username: VERSE\shivam.aditya
RunAs User: VERSE\shivam.aditya
Machine: VER-BLR-LT1665 (Microsoft Windows NT 10.0.15063.0)
Host Application: C:\Windows\System32\WindowsPowerShell\v1.0\powershell.exe -noexit -command Set-Location -literalPath 'E:\Dailyhunt Projects\SampleProjectCollection'
Process ID: 61092
PSVersion: 5.1.15063.483
PSEdition: Desktop
PSCompatibleVersions: 1.0, 2.0, 3.0, 4.0, 5.0, 5.1.15063.483
BuildVersion: 10.0.15063.483
CLRVersion: 4.0.30319.42000
WSManStackVersion: 3.0
PSRemotingProtocolVersion: 2.3
SerializationVersion: 1.1.0.1
**********************
Transcript started, output file is .\console.txt
PS E:\Dailyhunt Projects\SampleProjectCollection> git status
fatal: Not a git repository (or any of the parent directories): .git
PS E:\Dailyhunt Projects\SampleProjectCollection> npm -v
5.4.2
PS E:\Dailyhunt Projects\SampleProjectCollection> react-native run-android
Scanning 618 folders for symlinks in E:\Dailyhunt Projects\SampleProjectCollection\node_modules (28ms)
Starting JS server...
Building and installing the app on the device (cd android && gradlew.bat installDebug)...
Incremental java compilation is an incubating feature.
:app:preBuild UP-TO-DATE
:app:preDebugBuild UP-TO-DATE
:app:checkDebugManifest
:app:preReleaseBuild UP-TO-DATE
:app:prepareComAndroidSupportAppcompatV72301Library UP-TO-DATE
:app:prepareComAndroidSupportSupportV42301Library UP-TO-DATE
:app:prepareComFacebookFbuiTextlayoutbuilderTextlayoutbuilder100Library UP-TO-DATE
:app:prepareComFacebookFrescoDrawee130Library UP-TO-DATE
:app:prepareComFacebookFrescoFbcore130Library UP-TO-DATE
:app:prepareComFacebookFrescoFresco130Library UP-TO-DATE
:app:prepareComFacebookFrescoImagepipeline130Library UP-TO-DATE
:app:prepareComFacebookFrescoImagepipelineBase130Library UP-TO-DATE
:app:prepareComFacebookFrescoImagepipelineOkhttp3130Library UP-TO-DATE
:app:prepareComFacebookReactReactNative0484Library UP-TO-DATE
:app:prepareComFacebookSoloaderSoloader010Library UP-TO-DATE
:app:prepareOrgWebkitAndroidJscR174650Library UP-TO-DATE
:app:prepareDebugDependencies
:app:compileDebugAidl UP-TO-DATE
:app:compileDebugRenderscript UP-TO-DATE
:app:generateDebugBuildConfig UP-TO-DATE
:app:mergeDebugShaders UP-TO-DATE
:app:compileDebugShaders UP-TO-DATE
:app:generateDebugAssets UP-TO-DATE
:app:mergeDebugAssets UP-TO-DATE
:app:generateDebugResValues UP-TO-DATE
:app:generateDebugResources UP-TO-DATE
:app:mergeDebugResources UP-TO-DATE
:app:bundleDebugJsAndAssets SKIPPED
:app:processDebugManifest UP-TO-DATE
:app:processDebugResources UP-TO-DATE
:app:generateDebugSources UP-TO-DATE
:app:incrementalDebugJavaCompilationSafeguard UP-TO-DATE
:app:compileDebugJavaWithJavac UP-TO-DATE
:app:compileDebugNdk UP-TO-DATE
:app:compileDebugSources UP-TO-DATE
:app:transformClassesWithDexForDebug UP-TO-DATE
:app:mergeDebugJniLibFolders UP-TO-DATE
:app:transformNative_libsWithMergeJniLibsForDebug UP-TO-DATE
:app:processDebugJavaRes UP-TO-DATE
:app:transformResourcesWithMergeJavaResForDebug UP-TO-DATE
:app:validateSigningDebug
:app:packageDebug UP-TO-DATE
:app:assembleDebug UP-TO-DATE
:app:installDebug
Installing APK 'app-debug.apk' on 'XT1706 - 6.0' for app:debug
Installed on 1 device.

BUILD SUCCESSFUL

Total time: 1 mins 4.155 secs
Running C:\Users\shivam.aditya\AppData\Local\Android\Sdk/platform-tools/adb -s HKE6GU2U reverse tcp:8081 tcp:8081
adb server version (32) doesn't match this client (39); killing...
* daemon started successfully *
Starting the app on HKE6GU2U (C:\Users\shivam.aditya\AppData\Local\Android\Sdk/platform-tools/adb -s HKE6GU2U shell am s
tart -n com.sampleprojectcollection/com.sampleprojectcollection.MainActivity)...
Starting: Intent { cmp=com.sampleprojectcollection/.MainActivity }
PS E:\Dailyhunt Projects\SampleProjectCollection> react-native run-android
Scanning 618 folders for symlinks in E:\Dailyhunt Projects\SampleProjectCollection\node_modules (25ms)
Starting JS server...
Building and installing the app on the device (cd android && gradlew.bat installDebug)...
Incremental java compilation is an incubating feature.
:app:preBuild UP-TO-DATE
:app:preDebugBuild UP-TO-DATE
:app:checkDebugManifest
:app:preReleaseBuild UP-TO-DATE
:app:prepareComAndroidSupportAppcompatV72301Library UP-TO-DATE
:app:prepareComAndroidSupportSupportV42301Library UP-TO-DATE
:app:prepareComFacebookFbuiTextlayoutbuilderTextlayoutbuilder100Library UP-TO-DATE
:app:prepareComFacebookFrescoDrawee130Library UP-TO-DATE
:app:prepareComFacebookFrescoFbcore130Library UP-TO-DATE
:app:prepareComFacebookFrescoFresco130Library UP-TO-DATE
:app:prepareComFacebookFrescoImagepipeline130Library UP-TO-DATE
:app:prepareComFacebookFrescoImagepipelineBase130Library UP-TO-DATE
:app:prepareComFacebookFrescoImagepipelineOkhttp3130Library UP-TO-DATE
:app:prepareComFacebookReactReactNative0484Library UP-TO-DATE
:app:prepareComFacebookSoloaderSoloader010Library UP-TO-DATE
:app:prepareOrgWebkitAndroidJscR174650Library UP-TO-DATE
:app:prepareDebugDependencies
:app:compileDebugAidl UP-TO-DATE
:app:compileDebugRenderscript UP-TO-DATE
:app:generateDebugBuildConfig UP-TO-DATE
:app:mergeDebugShaders UP-TO-DATE
:app:compileDebugShaders UP-TO-DATE
:app:generateDebugAssets UP-TO-DATE
:app:mergeDebugAssets UP-TO-DATE
:app:generateDebugResValues UP-TO-DATE
:app:generateDebugResources UP-TO-DATE
:app:mergeDebugResources UP-TO-DATE
:app:bundleDebugJsAndAssets SKIPPED
:app:processDebugManifest UP-TO-DATE
:app:processDebugResources UP-TO-DATE
:app:generateDebugSources UP-TO-DATE
:app:incrementalDebugJavaCompilationSafeguard UP-TO-DATE
:app:compileDebugJavaWithJavac UP-TO-DATE
:app:compileDebugNdk UP-TO-DATE
:app:compileDebugSources UP-TO-DATE
:app:transformClassesWithDexForDebug UP-TO-DATE
:app:mergeDebugJniLibFolders UP-TO-DATE
:app:transformNative_libsWithMergeJniLibsForDebug UP-TO-DATE
:app:processDebugJavaRes UP-TO-DATE
:app:transformResourcesWithMergeJavaResForDebug UP-TO-DATE
:app:validateSigningDebug
:app:packageDebug UP-TO-DATE
:app:assembleDebug UP-TO-DATE
:app:installDebug
Installing APK 'app-debug.apk' on 'XT1706 - 6.0' for app:debug
Installed on 1 device.

BUILD SUCCESSFUL

Total time: 27.705 secs
Running C:\Users\shivam.aditya\AppData\Local\Android\Sdk/platform-tools/adb -s HKE6GU2U reverse tcp:8081 tcp:8081
adb server version (32) doesn't match this client (39); killing...
* daemon started successfully *
Starting the app on HKE6GU2U (C:\Users\shivam.aditya\AppData\Local\Android\Sdk/platform-tools/adb -s HKE6GU2U shell am s
tart -n com.sampleprojectcollection/com.sampleprojectcollection.MainActivity)...
Starting: Intent { cmp=com.sampleprojectcollection/.MainActivity }
PS E:\Dailyhunt Projects\SampleProjectCollection> react-native run-android
Scanning 618 folders for symlinks in E:\Dailyhunt Projects\SampleProjectCollection\node_modules (22ms)
Starting JS server...
Building and installing the app on the device (cd android && gradlew.bat installDebug)...
Incremental java compilation is an incubating feature.
:app:preBuild UP-TO-DATE
:app:preDebugBuild UP-TO-DATE
:app:checkDebugManifest
:app:preReleaseBuild UP-TO-DATE
:app:prepareComAndroidSupportAppcompatV72301Library UP-TO-DATE
:app:prepareComAndroidSupportSupportV42301Library UP-TO-DATE
:app:prepareComFacebookFbuiTextlayoutbuilderTextlayoutbuilder100Library UP-TO-DATE
:app:prepareComFacebookFrescoDrawee130Library UP-TO-DATE
:app:prepareComFacebookFrescoFbcore130Library UP-TO-DATE
:app:prepareComFacebookFrescoFresco130Library UP-TO-DATE
:app:prepareComFacebookFrescoImagepipeline130Library UP-TO-DATE
:app:prepareComFacebookFrescoImagepipelineBase130Library UP-TO-DATE
:app:prepareComFacebookFrescoImagepipelineOkhttp3130Library UP-TO-DATE
:app:prepareComFacebookReactReactNative0484Library UP-TO-DATE
:app:prepareComFacebookSoloaderSoloader010Library UP-TO-DATE
:app:prepareOrgWebkitAndroidJscR174650Library UP-TO-DATE
:app:prepareDebugDependencies
:app:compileDebugAidl UP-TO-DATE
:app:compileDebugRenderscript UP-TO-DATE
:app:generateDebugBuildConfig UP-TO-DATE
:app:mergeDebugShaders UP-TO-DATE
:app:compileDebugShaders UP-TO-DATE
:app:generateDebugAssets UP-TO-DATE
:app:mergeDebugAssets UP-TO-DATE
:app:generateDebugResValues UP-TO-DATE
:app:generateDebugResources UP-TO-DATE
:app:mergeDebugResources UP-TO-DATE
:app:bundleDebugJsAndAssets SKIPPED
:app:processDebugManifest UP-TO-DATE
:app:processDebugResources UP-TO-DATE
:app:generateDebugSources UP-TO-DATE
:app:incrementalDebugJavaCompilationSafeguard UP-TO-DATE
:app:compileDebugJavaWithJavac UP-TO-DATE
:app:compileDebugNdk UP-TO-DATE
:app:compileDebugSources UP-TO-DATE
:app:transformClassesWithDexForDebug UP-TO-DATE
:app:mergeDebugJniLibFolders UP-TO-DATE
:app:transformNative_libsWithMergeJniLibsForDebug UP-TO-DATE
:app:processDebugJavaRes UP-TO-DATE
:app:transformResourcesWithMergeJavaResForDebug UP-TO-DATE
:app:validateSigningDebug
:app:packageDebug UP-TO-DATE
:app:assembleDebug UP-TO-DATE
:app:installDebug
Installing APK 'app-debug.apk' on 'XT1706 - 6.0' for app:debug
Installed on 1 device.

BUILD SUCCESSFUL

Total time: 27.254 secs
Running C:\Users\shivam.aditya\AppData\Local\Android\Sdk/platform-tools/adb -s HKE6GU2U reverse tcp:8081 tcp:8081
adb server version (32) doesn't match this client (39); killing...
* daemon started successfully *
Starting the app on HKE6GU2U (C:\Users\shivam.aditya\AppData\Local\Android\Sdk/platform-tools/adb -s HKE6GU2U shell am s
tart -n com.sampleprojectcollection/com.sampleprojectcollection.MainActivity)...
Starting: Intent { cmp=com.sampleprojectcollection/.MainActivity }
PS E:\Dailyhunt Projects\SampleProjectCollection> npm i --save-dev reactotron-react-native
npm WARN native-base@2.3.2 requires a peer of react-native-vector-icons@~4.3.0 but none is installed. You must install p
eer dependencies yourself.
npm WARN react-native-looped-carousel@0.1.7 requires a peer of react@>=15.3.1 but none is installed. You must install pe
er dependencies yourself.
npm WARN optional SKIPPING OPTIONAL DEPENDENCY: fsevents@1.1.2 (node_modules\fsevents):
npm WARN notsup SKIPPING OPTIONAL DEPENDENCY: Unsupported platform for fsevents@1.1.2: wanted {"os":"darwin","arch":"any
"} (current: {"os":"win32","arch":"x64"})

+ reactotron-react-native@1.12.3
added 158 packages and removed 4 packages in 42.345s
PS E:\Dailyhunt Projects\SampleProjectCollection> react-native run-android
Scanning 650 folders for symlinks in E:\Dailyhunt Projects\SampleProjectCollection\node_modules (24ms)
Starting JS server...
Building and installing the app on the device (cd android && gradlew.bat installDebug)...
Incremental java compilation is an incubating feature.
:app:preBuild UP-TO-DATE
:app:preDebugBuild UP-TO-DATE
:app:checkDebugManifest
:app:preReleaseBuild UP-TO-DATE
:app:prepareComAndroidSupportAppcompatV72301Library UP-TO-DATE
:app:prepareComAndroidSupportSupportV42301Library UP-TO-DATE
:app:prepareComFacebookFbuiTextlayoutbuilderTextlayoutbuilder100Library UP-TO-DATE
:app:prepareComFacebookFrescoDrawee130Library UP-TO-DATE
:app:prepareComFacebookFrescoFbcore130Library UP-TO-DATE
:app:prepareComFacebookFrescoFresco130Library UP-TO-DATE
:app:prepareComFacebookFrescoImagepipeline130Library UP-TO-DATE
:app:prepareComFacebookFrescoImagepipelineBase130Library UP-TO-DATE
:app:prepareComFacebookFrescoImagepipelineOkhttp3130Library UP-TO-DATE
:app:prepareComFacebookReactReactNative0484Library UP-TO-DATE
:app:prepareComFacebookSoloaderSoloader010Library UP-TO-DATE
:app:prepareOrgWebkitAndroidJscR174650Library UP-TO-DATE
:app:prepareDebugDependencies
:app:compileDebugAidl UP-TO-DATE
:app:compileDebugRenderscript UP-TO-DATE
:app:generateDebugBuildConfig UP-TO-DATE
:app:mergeDebugShaders UP-TO-DATE
:app:compileDebugShaders UP-TO-DATE
:app:generateDebugAssets UP-TO-DATE
:app:mergeDebugAssets UP-TO-DATE
:app:generateDebugResValues UP-TO-DATE
:app:generateDebugResources UP-TO-DATE
:app:mergeDebugResources UP-TO-DATE
:app:bundleDebugJsAndAssets SKIPPED
:app:processDebugManifest UP-TO-DATE
:app:processDebugResources UP-TO-DATE
:app:generateDebugSources UP-TO-DATE
:app:incrementalDebugJavaCompilationSafeguard UP-TO-DATE
:app:compileDebugJavaWithJavac UP-TO-DATE
:app:compileDebugNdk UP-TO-DATE
:app:compileDebugSources UP-TO-DATE
:app:transformClassesWithDexForDebug UP-TO-DATE
:app:mergeDebugJniLibFolders UP-TO-DATE
:app:transformNative_libsWithMergeJniLibsForDebug UP-TO-DATE
:app:processDebugJavaRes UP-TO-DATE
:app:transformResourcesWithMergeJavaResForDebug UP-TO-DATE
:app:validateSigningDebug
:app:packageDebug UP-TO-DATE
:app:assembleDebug UP-TO-DATE
:app:installDebug
Installing APK 'app-debug.apk' on 'XT1706 - 6.0' for app:debug
Installed on 1 device.

BUILD SUCCESSFUL

Total time: 36.556 secs
Running C:\Users\shivam.aditya\AppData\Local\Android\Sdk/platform-tools/adb -s HKE6GU2U reverse tcp:8081 tcp:8081
adb server version (32) doesn't match this client (39); killing...
* daemon started successfully *
Starting the app on HKE6GU2U (C:\Users\shivam.aditya\AppData\Local\Android\Sdk/platform-tools/adb -s HKE6GU2U shell am s
tart -n com.sampleprojectcollection/com.sampleprojectcollection.MainActivity)...
Starting: Intent { cmp=com.sampleprojectcollection/.MainActivity }
PS E:\Dailyhunt Projects\SampleProjectCollection> react-native run-android
Scanning 650 folders for symlinks in E:\Dailyhunt Projects\SampleProjectCollection\node_modules (24ms)
Starting JS server...
Building and installing the app on the device (cd android && gradlew.bat installDebug)...
Incremental java compilation is an incubating feature.
:app:preBuild UP-TO-DATE
:app:preDebugBuild UP-TO-DATE
:app:checkDebugManifest
:app:preReleaseBuild UP-TO-DATE
:app:prepareComAndroidSupportAppcompatV72301Library UP-TO-DATE
:app:prepareComAndroidSupportSupportV42301Library UP-TO-DATE
:app:prepareComFacebookFbuiTextlayoutbuilderTextlayoutbuilder100Library UP-TO-DATE
:app:prepareComFacebookFrescoDrawee130Library UP-TO-DATE
:app:prepareComFacebookFrescoFbcore130Library UP-TO-DATE
:app:prepareComFacebookFrescoFresco130Library UP-TO-DATE
:app:prepareComFacebookFrescoImagepipeline130Library UP-TO-DATE
:app:prepareComFacebookFrescoImagepipelineBase130Library UP-TO-DATE
:app:prepareComFacebookFrescoImagepipelineOkhttp3130Library UP-TO-DATE
:app:prepareComFacebookReactReactNative0484Library UP-TO-DATE
:app:prepareComFacebookSoloaderSoloader010Library UP-TO-DATE
:app:prepareOrgWebkitAndroidJscR174650Library UP-TO-DATE
:app:prepareDebugDependencies
:app:compileDebugAidl UP-TO-DATE
:app:compileDebugRenderscript UP-TO-DATE
:app:generateDebugBuildConfig UP-TO-DATE
:app:mergeDebugShaders UP-TO-DATE
:app:compileDebugShaders UP-TO-DATE
:app:generateDebugAssets UP-TO-DATE
:app:mergeDebugAssets UP-TO-DATE
:app:generateDebugResValues UP-TO-DATE
:app:generateDebugResources UP-TO-DATE
:app:mergeDebugResources UP-TO-DATE
:app:bundleDebugJsAndAssets SKIPPED
:app:processDebugManifest UP-TO-DATE
:app:processDebugResources UP-TO-DATE
:app:generateDebugSources UP-TO-DATE
:app:incrementalDebugJavaCompilationSafeguard UP-TO-DATE
:app:compileDebugJavaWithJavac UP-TO-DATE
:app:compileDebugNdk UP-TO-DATE
:app:compileDebugSources UP-TO-DATE
:app:transformClassesWithDexForDebug UP-TO-DATE
:app:mergeDebugJniLibFolders UP-TO-DATE
:app:transformNative_libsWithMergeJniLibsForDebug UP-TO-DATE
:app:processDebugJavaRes UP-TO-DATE
:app:transformResourcesWithMergeJavaResForDebug UP-TO-DATE
:app:validateSigningDebug
:app:packageDebug UP-TO-DATE
:app:assembleDebug UP-TO-DATE
:app:installDebug
Installing APK 'app-debug.apk' on 'XT1706 - 6.0' for app:debug
Installed on 1 device.

BUILD SUCCESSFUL

Total time: 26.761 secs
Running C:\Users\shivam.aditya\AppData\Local\Android\Sdk/platform-tools/adb -s HKE6GU2U reverse tcp:8081 tcp:8081
adb server version (32) doesn't match this client (39); killing...
* daemon started successfully *
Starting the app on HKE6GU2U (C:\Users\shivam.aditya\AppData\Local\Android\Sdk/platform-tools/adb -s HKE6GU2U shell am s
tart -n com.sampleprojectcollection/com.sampleprojectcollection.MainActivity)...
Starting: Intent { cmp=com.sampleprojectcollection/.MainActivity }
PS E:\Dailyhunt Projects\SampleProjectCollection> react-native run-android
Scanning 650 folders for symlinks in E:\Dailyhunt Projects\SampleProjectCollection\node_modules (35ms)
Starting JS server...
Building and installing the app on the device (cd android && gradlew.bat installDebug)...
Incremental java compilation is an incubating feature.
:app:preBuild UP-TO-DATE
:app:preDebugBuild UP-TO-DATE
:app:checkDebugManifest
:app:preReleaseBuild UP-TO-DATE
:app:prepareComAndroidSupportAppcompatV72301Library UP-TO-DATE
:app:prepareComAndroidSupportSupportV42301Library UP-TO-DATE
:app:prepareComFacebookFbuiTextlayoutbuilderTextlayoutbuilder100Library UP-TO-DATE
:app:prepareComFacebookFrescoDrawee130Library UP-TO-DATE
:app:prepareComFacebookFrescoFbcore130Library UP-TO-DATE
:app:prepareComFacebookFrescoFresco130Library UP-TO-DATE
:app:prepareComFacebookFrescoImagepipeline130Library UP-TO-DATE
:app:prepareComFacebookFrescoImagepipelineBase130Library UP-TO-DATE
:app:prepareComFacebookFrescoImagepipelineOkhttp3130Library UP-TO-DATE
:app:prepareComFacebookReactReactNative0484Library UP-TO-DATE
:app:prepareComFacebookSoloaderSoloader010Library UP-TO-DATE
:app:prepareOrgWebkitAndroidJscR174650Library UP-TO-DATE
:app:prepareDebugDependencies
:app:compileDebugAidl UP-TO-DATE
:app:compileDebugRenderscript UP-TO-DATE
:app:generateDebugBuildConfig UP-TO-DATE
:app:mergeDebugShaders UP-TO-DATE
:app:compileDebugShaders UP-TO-DATE
:app:generateDebugAssets UP-TO-DATE
:app:mergeDebugAssets UP-TO-DATE
:app:generateDebugResValues UP-TO-DATE
:app:generateDebugResources UP-TO-DATE
:app:mergeDebugResources UP-TO-DATE
:app:bundleDebugJsAndAssets SKIPPED
:app:processDebugManifest UP-TO-DATE
:app:processDebugResources UP-TO-DATE
:app:generateDebugSources UP-TO-DATE
:app:incrementalDebugJavaCompilationSafeguard UP-TO-DATE
:app:compileDebugJavaWithJavac UP-TO-DATE
:app:compileDebugNdk UP-TO-DATE
:app:compileDebugSources UP-TO-DATE
:app:transformClassesWithDexForDebug UP-TO-DATE
:app:mergeDebugJniLibFolders UP-TO-DATE
:app:transformNative_libsWithMergeJniLibsForDebug UP-TO-DATE
:app:processDebugJavaRes UP-TO-DATE
:app:transformResourcesWithMergeJavaResForDebug UP-TO-DATE
:app:validateSigningDebug
:app:packageDebug UP-TO-DATE
:app:assembleDebug UP-TO-DATE
:app:installDebug
Installing APK 'app-debug.apk' on 'XT1706 - 6.0' for app:debug
Installed on 1 device.

BUILD SUCCESSFUL

Total time: 27.069 secs
Running C:\Users\shivam.aditya\AppData\Local\Android\Sdk/platform-tools/adb -s HKE6GU2U reverse tcp:8081 tcp:8081
adb server version (32) doesn't match this client (39); killing...
* daemon started successfully *
Starting the app on HKE6GU2U (C:\Users\shivam.aditya\AppData\Local\Android\Sdk/platform-tools/adb -s HKE6GU2U shell am s
tart -n com.sampleprojectcollection/com.sampleprojectcollection.MainActivity)...
Starting: Intent { cmp=com.sampleprojectcollection/.MainActivity }
^CTerminate batch job (Y/N)? y
PS E:\Dailyhunt Projects\SampleProjectCollection> TerminatingError(): "The pipeline has been stopped."
>> TerminatingError(): "The pipeline has been stopped."
PS E:\Dailyhunt Projects\SampleProjectCollection> react-native run-android
Scanning 650 folders for symlinks in E:\Dailyhunt Projects\SampleProjectCollection\node_modules (22ms)
Starting JS server...
Building and installing the app on the device (cd android && gradlew.bat installDebug)...
Incremental java compilation is an incubating feature.
:app:preBuild UP-TO-DATE
:app:preDebugBuild UP-TO-DATE
:app:checkDebugManifest
:app:preReleaseBuild UP-TO-DATE
:app:prepareComAndroidSupportAppcompatV72301Library UP-TO-DATE
:app:prepareComAndroidSupportSupportV42301Library UP-TO-DATE
:app:prepareComFacebookFbuiTextlayoutbuilderTextlayoutbuilder100Library UP-TO-DATE
:app:prepareComFacebookFrescoDrawee130Library UP-TO-DATE
:app:prepareComFacebookFrescoFbcore130Library UP-TO-DATE
:app:prepareComFacebookFrescoFresco130Library UP-TO-DATE
:app:prepareComFacebookFrescoImagepipeline130Library UP-TO-DATE
:app:prepareComFacebookFrescoImagepipelineBase130Library UP-TO-DATE
:app:prepareComFacebookFrescoImagepipelineOkhttp3130Library UP-TO-DATE
:app:prepareComFacebookReactReactNative0484Library UP-TO-DATE
:app:prepareComFacebookSoloaderSoloader010Library UP-TO-DATE
:app:prepareOrgWebkitAndroidJscR174650Library UP-TO-DATE
:app:prepareDebugDependencies
:app:compileDebugAidl UP-TO-DATE
:app:compileDebugRenderscript UP-TO-DATE
:app:generateDebugBuildConfig UP-TO-DATE
:app:mergeDebugShaders UP-TO-DATE
:app:compileDebugShaders UP-TO-DATE
:app:generateDebugAssets UP-TO-DATE
:app:mergeDebugAssets UP-TO-DATE
:app:generateDebugResValues UP-TO-DATE
:app:generateDebugResources UP-TO-DATE
:app:mergeDebugResources UP-TO-DATE
:app:bundleDebugJsAndAssets SKIPPED
:app:processDebugManifest UP-TO-DATE
:app:processDebugResources UP-TO-DATE
:app:generateDebugSources UP-TO-DATE
:app:incrementalDebugJavaCompilationSafeguard UP-TO-DATE
:app:compileDebugJavaWithJavac UP-TO-DATE
:app:compileDebugNdk UP-TO-DATE
:app:compileDebugSources UP-TO-DATE
:app:transformClassesWithDexForDebug UP-TO-DATE
:app:mergeDebugJniLibFolders UP-TO-DATE
:app:transformNative_libsWithMergeJniLibsForDebug UP-TO-DATE
:app:processDebugJavaRes UP-TO-DATE
:app:transformResourcesWithMergeJavaResForDebug UP-TO-DATE
:app:validateSigningDebug
:app:packageDebug UP-TO-DATE
:app:assembleDebug UP-TO-DATE
:app:installDebug
Installing APK 'app-debug.apk' on 'XT1706 - 6.0' for app:debug
Installed on 1 device.

BUILD SUCCESSFUL

Total time: 27.485 secs
Running C:\Users\shivam.aditya\AppData\Local\Android\Sdk/platform-tools/adb -s HKE6GU2U reverse tcp:8081 tcp:8081
adb server version (32) doesn't match this client (39); killing...
* daemon started successfully *
Starting the app on HKE6GU2U (C:\Users\shivam.aditya\AppData\Local\Android\Sdk/platform-tools/adb -s HKE6GU2U shell am s
tart -n com.sampleprojectcollection/com.sampleprojectcollection.MainActivity)...
Starting: Intent { cmp=com.sampleprojectcollection/.MainActivity }
^CTerminate batch job (Y/N)? y
PS E:\Dailyhunt Projects\SampleProjectCollection> TerminatingError(): "The pipeline has been stopped."
>> TerminatingError(): "The pipeline has been stopped."
PS E:\Dailyhunt Projects\SampleProjectCollection> adb reverse tcp:9090 tcp:9090
adb server is out of date.  killing...
* daemon started successfully *
PS E:\Dailyhunt Projects\SampleProjectCollection> adb reverse tcp:9090 tcp:9090

PS E:\Dailyhunt Projects\SampleProjectCollection> react-native run-android
Scanning 650 folders for symlinks in E:\Dailyhunt Projects\SampleProjectCollection\node_modules (25ms)
Starting JS server...
Building and installing the app on the device (cd android && gradlew.bat installDebug)...
Incremental java compilation is an incubating feature.
:app:preBuild UP-TO-DATE
:app:preDebugBuild UP-TO-DATE
:app:checkDebugManifest
:app:preReleaseBuild UP-TO-DATE
:app:prepareComAndroidSupportAppcompatV72301Library UP-TO-DATE
:app:prepareComAndroidSupportSupportV42301Library UP-TO-DATE
:app:prepareComFacebookFbuiTextlayoutbuilderTextlayoutbuilder100Library UP-TO-DATE
:app:prepareComFacebookFrescoDrawee130Library UP-TO-DATE
:app:prepareComFacebookFrescoFbcore130Library UP-TO-DATE
:app:prepareComFacebookFrescoFresco130Library UP-TO-DATE
:app:prepareComFacebookFrescoImagepipeline130Library UP-TO-DATE
:app:prepareComFacebookFrescoImagepipelineBase130Library UP-TO-DATE
:app:prepareComFacebookFrescoImagepipelineOkhttp3130Library UP-TO-DATE
:app:prepareComFacebookReactReactNative0484Library UP-TO-DATE
:app:prepareComFacebookSoloaderSoloader010Library UP-TO-DATE
:app:prepareOrgWebkitAndroidJscR174650Library UP-TO-DATE
:app:prepareDebugDependencies
:app:compileDebugAidl UP-TO-DATE
:app:compileDebugRenderscript UP-TO-DATE
:app:generateDebugBuildConfig UP-TO-DATE
:app:mergeDebugShaders UP-TO-DATE
:app:compileDebugShaders UP-TO-DATE
:app:generateDebugAssets UP-TO-DATE
:app:mergeDebugAssets UP-TO-DATE
:app:generateDebugResValues UP-TO-DATE
:app:generateDebugResources UP-TO-DATE
:app:mergeDebugResources UP-TO-DATE
:app:bundleDebugJsAndAssets SKIPPED
:app:processDebugManifest UP-TO-DATE
:app:processDebugResources UP-TO-DATE
:app:generateDebugSources UP-TO-DATE
:app:incrementalDebugJavaCompilationSafeguard UP-TO-DATE
:app:compileDebugJavaWithJavac UP-TO-DATE
:app:compileDebugNdk UP-TO-DATE
:app:compileDebugSources UP-TO-DATE
:app:transformClassesWithDexForDebug UP-TO-DATE
:app:mergeDebugJniLibFolders UP-TO-DATE
:app:transformNative_libsWithMergeJniLibsForDebug UP-TO-DATE
:app:processDebugJavaRes UP-TO-DATE
:app:transformResourcesWithMergeJavaResForDebug UP-TO-DATE
:app:validateSigningDebug
:app:packageDebug UP-TO-DATE
:app:assembleDebug UP-TO-DATE
:app:installDebug
Installing APK 'app-debug.apk' on 'XT1706 - 6.0' for app:debug
Installed on 1 device.

BUILD SUCCESSFUL

Total time: 33.939 secs
Running C:\Users\shivam.aditya\AppData\Local\Android\Sdk/platform-tools/adb -s HKE6GU2U reverse tcp:8081 tcp:8081
adb server version (32) doesn't match this client (39); killing...
* daemon started successfully *
Starting the app on HKE6GU2U (C:\Users\shivam.aditya\AppData\Local\Android\Sdk/platform-tools/adb -s HKE6GU2U shell am s
tart -n com.sampleprojectcollection/com.sampleprojectcollection.MainActivity)...
Starting: Intent { cmp=com.sampleprojectcollection/.MainActivity }
PS E:\Dailyhunt Projects\SampleProjectCollection> react-native run-android
Scanning 650 folders for symlinks in E:\Dailyhunt Projects\SampleProjectCollection\node_modules (28ms)
Starting JS server...
Building and installing the app on the device (cd android && gradlew.bat installDebug)...
Incremental java compilation is an incubating feature.
:app:preBuild UP-TO-DATE
:app:preDebugBuild UP-TO-DATE
:app:checkDebugManifest
:app:preReleaseBuild UP-TO-DATE
:app:prepareComAndroidSupportAppcompatV72301Library UP-TO-DATE
:app:prepareComAndroidSupportSupportV42301Library UP-TO-DATE
:app:prepareComFacebookFbuiTextlayoutbuilderTextlayoutbuilder100Library UP-TO-DATE
:app:prepareComFacebookFrescoDrawee130Library UP-TO-DATE
:app:prepareComFacebookFrescoFbcore130Library UP-TO-DATE
:app:prepareComFacebookFrescoFresco130Library UP-TO-DATE
:app:prepareComFacebookFrescoImagepipeline130Library UP-TO-DATE
:app:prepareComFacebookFrescoImagepipelineBase130Library UP-TO-DATE
:app:prepareComFacebookFrescoImagepipelineOkhttp3130Library UP-TO-DATE
:app:prepareComFacebookReactReactNative0484Library UP-TO-DATE
:app:prepareComFacebookSoloaderSoloader010Library UP-TO-DATE
:app:prepareOrgWebkitAndroidJscR174650Library UP-TO-DATE
:app:prepareDebugDependencies
:app:compileDebugAidl UP-TO-DATE
:app:compileDebugRenderscript UP-TO-DATE
:app:generateDebugBuildConfig UP-TO-DATE
:app:mergeDebugShaders UP-TO-DATE
:app:compileDebugShaders UP-TO-DATE
:app:generateDebugAssets UP-TO-DATE
:app:mergeDebugAssets UP-TO-DATE
:app:generateDebugResValues UP-TO-DATE
:app:generateDebugResources UP-TO-DATE
:app:mergeDebugResources UP-TO-DATE
:app:bundleDebugJsAndAssets SKIPPED
:app:processDebugManifest UP-TO-DATE
:app:processDebugResources UP-TO-DATE
:app:generateDebugSources UP-TO-DATE
:app:incrementalDebugJavaCompilationSafeguard UP-TO-DATE
:app:compileDebugJavaWithJavac UP-TO-DATE
:app:compileDebugNdk UP-TO-DATE
:app:compileDebugSources UP-TO-DATE
:app:transformClassesWithDexForDebug UP-TO-DATE
:app:mergeDebugJniLibFolders UP-TO-DATE
:app:transformNative_libsWithMergeJniLibsForDebug UP-TO-DATE
:app:processDebugJavaRes UP-TO-DATE
:app:transformResourcesWithMergeJavaResForDebug UP-TO-DATE
:app:validateSigningDebug
:app:packageDebug UP-TO-DATE
:app:assembleDebug UP-TO-DATE
:app:installDebug
Installing APK 'app-debug.apk' on 'XT1706 - 6.0' for app:debug
Installed on 1 device.

BUILD SUCCESSFUL

Total time: 29.136 secs
Running C:\Users\shivam.aditya\AppData\Local\Android\Sdk/platform-tools/adb -s HKE6GU2U reverse tcp:8081 tcp:8081
adb server version (32) doesn't match this client (39); killing...
* daemon started successfully *
Starting the app on HKE6GU2U (C:\Users\shivam.aditya\AppData\Local\Android\Sdk/platform-tools/adb -s HKE6GU2U shell am s
tart -n com.sampleprojectcollection/com.sampleprojectcollection.MainActivity)...
Starting: Intent { cmp=com.sampleprojectcollection/.MainActivity }
PS E:\Dailyhunt Projects\SampleProjectCollection> react-native run-android
Scanning 650 folders for symlinks in E:\Dailyhunt Projects\SampleProjectCollection\node_modules (21ms)
Starting JS server...
Building and installing the app on the device (cd android && gradlew.bat installDebug)...
Incremental java compilation is an incubating feature.
:app:preBuild UP-TO-DATE
:app:preDebugBuild UP-TO-DATE
:app:checkDebugManifest
:app:preReleaseBuild UP-TO-DATE
:app:prepareComAndroidSupportAppcompatV72301Library UP-TO-DATE
:app:prepareComAndroidSupportSupportV42301Library UP-TO-DATE
:app:prepareComFacebookFbuiTextlayoutbuilderTextlayoutbuilder100Library UP-TO-DATE
:app:prepareComFacebookFrescoDrawee130Library UP-TO-DATE
:app:prepareComFacebookFrescoFbcore130Library UP-TO-DATE
:app:prepareComFacebookFrescoFresco130Library UP-TO-DATE
:app:prepareComFacebookFrescoImagepipeline130Library UP-TO-DATE
:app:prepareComFacebookFrescoImagepipelineBase130Library UP-TO-DATE
:app:prepareComFacebookFrescoImagepipelineOkhttp3130Library UP-TO-DATE
:app:prepareComFacebookReactReactNative0484Library UP-TO-DATE
:app:prepareComFacebookSoloaderSoloader010Library UP-TO-DATE
:app:prepareOrgWebkitAndroidJscR174650Library UP-TO-DATE
:app:prepareDebugDependencies
:app:compileDebugAidl UP-TO-DATE
:app:compileDebugRenderscript UP-TO-DATE
:app:generateDebugBuildConfig UP-TO-DATE
:app:mergeDebugShaders UP-TO-DATE
:app:compileDebugShaders UP-TO-DATE
:app:generateDebugAssets UP-TO-DATE
:app:mergeDebugAssets UP-TO-DATE
:app:generateDebugResValues UP-TO-DATE
:app:generateDebugResources UP-TO-DATE
:app:mergeDebugResources UP-TO-DATE
:app:bundleDebugJsAndAssets SKIPPED
:app:processDebugManifest UP-TO-DATE
:app:processDebugResources UP-TO-DATE
:app:generateDebugSources UP-TO-DATE
:app:incrementalDebugJavaCompilationSafeguard UP-TO-DATE
:app:compileDebugJavaWithJavac UP-TO-DATE
:app:compileDebugNdk UP-TO-DATE
:app:compileDebugSources UP-TO-DATE
:app:transformClassesWithDexForDebug UP-TO-DATE
:app:mergeDebugJniLibFolders UP-TO-DATE
:app:transformNative_libsWithMergeJniLibsForDebug UP-TO-DATE
:app:processDebugJavaRes UP-TO-DATE
:app:transformResourcesWithMergeJavaResForDebug UP-TO-DATE
:app:validateSigningDebug
:app:packageDebug UP-TO-DATE
:app:assembleDebug UP-TO-DATE
:app:installDebug
Installing APK 'app-debug.apk' on 'XT1706 - 6.0' for app:debug
Installed on 1 device.

BUILD SUCCESSFUL

Total time: 26.981 secs
Running C:\Users\shivam.aditya\AppData\Local\Android\Sdk/platform-tools/adb -s HKE6GU2U reverse tcp:8081 tcp:8081
adb server version (32) doesn't match this client (39); killing...
* daemon started successfully *
Starting the app on HKE6GU2U (C:\Users\shivam.aditya\AppData\Local\Android\Sdk/platform-tools/adb -s HKE6GU2U shell am s
tart -n com.sampleprojectcollection/com.sampleprojectcollection.MainActivity)...
Starting: Intent { cmp=com.sampleprojectcollection/.MainActivity }
^CTerminate batch job (Y/N)? y
PS E:\Dailyhunt Projects\SampleProjectCollection> TerminatingError(): "The pipeline has been stopped."
>> TerminatingError(): "The pipeline has been stopped."
PS E:\Dailyhunt Projects\SampleProjectCollection> react-native run-android
Scanning 650 folders for symlinks in E:\Dailyhunt Projects\SampleProjectCollection\node_modules (23ms)
Starting JS server...
Building and installing the app on the device (cd android && gradlew.bat installDebug)...
Incremental java compilation is an incubating feature.
:app:preBuild UP-TO-DATE
:app:preDebugBuild UP-TO-DATE
:app:checkDebugManifest
:app:preReleaseBuild UP-TO-DATE
:app:prepareComAndroidSupportAppcompatV72301Library UP-TO-DATE
:app:prepareComAndroidSupportSupportV42301Library UP-TO-DATE
:app:prepareComFacebookFbuiTextlayoutbuilderTextlayoutbuilder100Library UP-TO-DATE
:app:prepareComFacebookFrescoDrawee130Library UP-TO-DATE
:app:prepareComFacebookFrescoFbcore130Library UP-TO-DATE
:app:prepareComFacebookFrescoFresco130Library UP-TO-DATE
:app:prepareComFacebookFrescoImagepipeline130Library UP-TO-DATE
:app:prepareComFacebookFrescoImagepipelineBase130Library UP-TO-DATE
:app:prepareComFacebookFrescoImagepipelineOkhttp3130Library UP-TO-DATE
:app:prepareComFacebookReactReactNative0484Library UP-TO-DATE
:app:prepareComFacebookSoloaderSoloader010Library UP-TO-DATE
:app:prepareOrgWebkitAndroidJscR174650Library UP-TO-DATE
:app:prepareDebugDependencies
:app:compileDebugAidl UP-TO-DATE
:app:compileDebugRenderscript UP-TO-DATE
:app:generateDebugBuildConfig UP-TO-DATE
:app:mergeDebugShaders UP-TO-DATE
:app:compileDebugShaders UP-TO-DATE
:app:generateDebugAssets UP-TO-DATE
:app:mergeDebugAssets UP-TO-DATE
:app:generateDebugResValues UP-TO-DATE
:app:generateDebugResources UP-TO-DATE
:app:mergeDebugResources UP-TO-DATE
:app:bundleDebugJsAndAssets SKIPPED
:app:processDebugManifest UP-TO-DATE
:app:processDebugResources UP-TO-DATE
:app:generateDebugSources UP-TO-DATE
:app:incrementalDebugJavaCompilationSafeguard UP-TO-DATE
:app:compileDebugJavaWithJavac UP-TO-DATE
:app:compileDebugNdk UP-TO-DATE
:app:compileDebugSources UP-TO-DATE
:app:transformClassesWithDexForDebug UP-TO-DATE
:app:mergeDebugJniLibFolders UP-TO-DATE
:app:transformNative_libsWithMergeJniLibsForDebug UP-TO-DATE
:app:processDebugJavaRes UP-TO-DATE
:app:transformResourcesWithMergeJavaResForDebug UP-TO-DATE
:app:validateSigningDebug
:app:packageDebug UP-TO-DATE
:app:assembleDebug UP-TO-DATE
:app:installDebug
Installing APK 'app-debug.apk' on 'XT1706 - 6.0' for app:debug
Installed on 1 device.

BUILD SUCCESSFUL

Total time: 28.371 secs
Running C:\Users\shivam.aditya\AppData\Local\Android\Sdk/platform-tools/adb -s HKE6GU2U reverse tcp:8081 tcp:8081
adb server version (32) doesn't match this client (39); killing...
* daemon started successfully *
Starting the app on HKE6GU2U (C:\Users\shivam.aditya\AppData\Local\Android\Sdk/platform-tools/adb -s HKE6GU2U shell am s
tart -n com.sampleprojectcollection/com.sampleprojectcollection.MainActivity)...
Starting: Intent { cmp=com.sampleprojectcollection/.MainActivity }
PS E:\Dailyhunt Projects\SampleProjectCollection> react-native run-android
Scanning 650 folders for symlinks in E:\Dailyhunt Projects\SampleProjectCollection\node_modules (21ms)
Starting JS server...
Building and installing the app on the device (cd android && gradlew.bat installDebug)...
Incremental java compilation is an incubating feature.
:app:preBuild UP-TO-DATE
:app:preDebugBuild UP-TO-DATE
:app:checkDebugManifest
:app:preReleaseBuild UP-TO-DATE
:app:prepareComAndroidSupportAppcompatV72301Library UP-TO-DATE
:app:prepareComAndroidSupportSupportV42301Library UP-TO-DATE
:app:prepareComFacebookFbuiTextlayoutbuilderTextlayoutbuilder100Library UP-TO-DATE
:app:prepareComFacebookFrescoDrawee130Library UP-TO-DATE
:app:prepareComFacebookFrescoFbcore130Library UP-TO-DATE
:app:prepareComFacebookFrescoFresco130Library UP-TO-DATE
:app:prepareComFacebookFrescoImagepipeline130Library UP-TO-DATE
:app:prepareComFacebookFrescoImagepipelineBase130Library UP-TO-DATE
:app:prepareComFacebookFrescoImagepipelineOkhttp3130Library UP-TO-DATE
:app:prepareComFacebookReactReactNative0484Library UP-TO-DATE
:app:prepareComFacebookSoloaderSoloader010Library UP-TO-DATE
:app:prepareOrgWebkitAndroidJscR174650Library UP-TO-DATE
:app:prepareDebugDependencies
:app:compileDebugAidl UP-TO-DATE
:app:compileDebugRenderscript UP-TO-DATE
:app:generateDebugBuildConfig UP-TO-DATE
:app:mergeDebugShaders UP-TO-DATE
:app:compileDebugShaders UP-TO-DATE
:app:generateDebugAssets UP-TO-DATE
:app:mergeDebugAssets UP-TO-DATE
:app:generateDebugResValues UP-TO-DATE
:app:generateDebugResources UP-TO-DATE
:app:mergeDebugResources UP-TO-DATE
:app:bundleDebugJsAndAssets SKIPPED
:app:processDebugManifest UP-TO-DATE
:app:processDebugResources UP-TO-DATE
:app:generateDebugSources UP-TO-DATE
:app:incrementalDebugJavaCompilationSafeguard UP-TO-DATE
:app:compileDebugJavaWithJavac UP-TO-DATE
:app:compileDebugNdk UP-TO-DATE
:app:compileDebugSources UP-TO-DATE
:app:transformClassesWithDexForDebug UP-TO-DATE
:app:mergeDebugJniLibFolders UP-TO-DATE
:app:transformNative_libsWithMergeJniLibsForDebug UP-TO-DATE
:app:processDebugJavaRes UP-TO-DATE
:app:transformResourcesWithMergeJavaResForDebug UP-TO-DATE
:app:validateSigningDebug
:app:packageDebug UP-TO-DATE
:app:assembleDebug UP-TO-DATE
:app:installDebug
Installing APK 'app-debug.apk' on 'XT1706 - 6.0' for app:debug
Installed on 1 device.

BUILD SUCCESSFUL

Total time: 27.895 secs
Running C:\Users\shivam.aditya\AppData\Local\Android\Sdk/platform-tools/adb -s HKE6GU2U reverse tcp:8081 tcp:8081
adb server version (32) doesn't match this client (39); killing...
* daemon started successfully *
Starting the app on HKE6GU2U (C:\Users\shivam.aditya\AppData\Local\Android\Sdk/platform-tools/adb -s HKE6GU2U shell am s
tart -n com.sampleprojectcollection/com.sampleprojectcollection.MainActivity)...
Starting: Intent { cmp=com.sampleprojectcollection/.MainActivity }
PS E:\Dailyhunt Projects\SampleProjectCollection> react-native run-android
Scanning 650 folders for symlinks in E:\Dailyhunt Projects\SampleProjectCollection\node_modules (26ms)
Starting JS server...
Building and installing the app on the device (cd android && gradlew.bat installDebug)...
Incremental java compilation is an incubating feature.
:app:preBuild UP-TO-DATE
:app:preDebugBuild UP-TO-DATE
:app:checkDebugManifest
:app:preReleaseBuild UP-TO-DATE
:app:prepareComAndroidSupportAppcompatV72301Library UP-TO-DATE
:app:prepareComAndroidSupportSupportV42301Library UP-TO-DATE
:app:prepareComFacebookFbuiTextlayoutbuilderTextlayoutbuilder100Library UP-TO-DATE
:app:prepareComFacebookFrescoDrawee130Library UP-TO-DATE
:app:prepareComFacebookFrescoFbcore130Library UP-TO-DATE
:app:prepareComFacebookFrescoFresco130Library UP-TO-DATE
:app:prepareComFacebookFrescoImagepipeline130Library UP-TO-DATE
:app:prepareComFacebookFrescoImagepipelineBase130Library UP-TO-DATE
:app:prepareComFacebookFrescoImagepipelineOkhttp3130Library UP-TO-DATE
:app:prepareComFacebookReactReactNative0484Library UP-TO-DATE
:app:prepareComFacebookSoloaderSoloader010Library UP-TO-DATE
:app:prepareOrgWebkitAndroidJscR174650Library UP-TO-DATE
:app:prepareDebugDependencies
:app:compileDebugAidl UP-TO-DATE
:app:compileDebugRenderscript UP-TO-DATE
:app:generateDebugBuildConfig UP-TO-DATE
:app:mergeDebugShaders UP-TO-DATE
:app:compileDebugShaders UP-TO-DATE
:app:generateDebugAssets UP-TO-DATE
:app:mergeDebugAssets UP-TO-DATE
:app:generateDebugResValues UP-TO-DATE
:app:generateDebugResources UP-TO-DATE
:app:mergeDebugResources UP-TO-DATE
:app:bundleDebugJsAndAssets SKIPPED
:app:processDebugManifest UP-TO-DATE
:app:processDebugResources UP-TO-DATE
:app:generateDebugSources UP-TO-DATE
:app:incrementalDebugJavaCompilationSafeguard UP-TO-DATE
:app:compileDebugJavaWithJavac UP-TO-DATE
:app:compileDebugNdk UP-TO-DATE
:app:compileDebugSources UP-TO-DATE
:app:transformClassesWithDexForDebug UP-TO-DATE
:app:mergeDebugJniLibFolders UP-TO-DATE
:app:transformNative_libsWithMergeJniLibsForDebug UP-TO-DATE
:app:processDebugJavaRes UP-TO-DATE
:app:transformResourcesWithMergeJavaResForDebug UP-TO-DATE
:app:validateSigningDebug
:app:packageDebug UP-TO-DATE
:app:assembleDebug UP-TO-DATE
:app:installDebug
Installing APK 'app-debug.apk' on 'XT1706 - 6.0' for app:debug
Installed on 1 device.

BUILD SUCCESSFUL

Total time: 28.328 secs
Running C:\Users\shivam.aditya\AppData\Local\Android\Sdk/platform-tools/adb -s HKE6GU2U reverse tcp:8081 tcp:8081
adb server version (32) doesn't match this client (39); killing...
* daemon started successfully *
Starting the app on HKE6GU2U (C:\Users\shivam.aditya\AppData\Local\Android\Sdk/platform-tools/adb -s HKE6GU2U shell am s
tart -n com.sampleprojectcollection/com.sampleprojectcollection.MainActivity)...
Starting: Intent { cmp=com.sampleprojectcollection/.MainActivity }
PS E:\Dailyhunt Projects\SampleProjectCollection> react-native run-android
Scanning 650 folders for symlinks in E:\Dailyhunt Projects\SampleProjectCollection\node_modules (26ms)
Starting JS server...
Building and installing the app on the device (cd android && gradlew.bat installDebug)...
Incremental java compilation is an incubating feature.
:app:preBuild UP-TO-DATE
:app:preDebugBuild UP-TO-DATE
:app:checkDebugManifest
:app:preReleaseBuild UP-TO-DATE
:app:prepareComAndroidSupportAppcompatV72301Library UP-TO-DATE
:app:prepareComAndroidSupportSupportV42301Library UP-TO-DATE
:app:prepareComFacebookFbuiTextlayoutbuilderTextlayoutbuilder100Library UP-TO-DATE
:app:prepareComFacebookFrescoDrawee130Library UP-TO-DATE
:app:prepareComFacebookFrescoFbcore130Library UP-TO-DATE
:app:prepareComFacebookFrescoFresco130Library UP-TO-DATE
:app:prepareComFacebookFrescoImagepipeline130Library UP-TO-DATE
:app:prepareComFacebookFrescoImagepipelineBase130Library UP-TO-DATE
:app:prepareComFacebookFrescoImagepipelineOkhttp3130Library UP-TO-DATE
:app:prepareComFacebookReactReactNative0484Library UP-TO-DATE
:app:prepareComFacebookSoloaderSoloader010Library UP-TO-DATE
:app:prepareOrgWebkitAndroidJscR174650Library UP-TO-DATE
:app:prepareDebugDependencies
:app:compileDebugAidl UP-TO-DATE
:app:compileDebugRenderscript UP-TO-DATE
:app:generateDebugBuildConfig UP-TO-DATE
:app:mergeDebugShaders UP-TO-DATE
:app:compileDebugShaders UP-TO-DATE
:app:generateDebugAssets UP-TO-DATE
:app:mergeDebugAssets UP-TO-DATE
:app:generateDebugResValues UP-TO-DATE
:app:generateDebugResources UP-TO-DATE
:app:mergeDebugResources UP-TO-DATE
:app:bundleDebugJsAndAssets SKIPPED
:app:processDebugManifest UP-TO-DATE
:app:processDebugResources UP-TO-DATE
:app:generateDebugSources UP-TO-DATE
:app:incrementalDebugJavaCompilationSafeguard UP-TO-DATE
:app:compileDebugJavaWithJavac UP-TO-DATE
:app:compileDebugNdk UP-TO-DATE
:app:compileDebugSources UP-TO-DATE
:app:transformClassesWithDexForDebug UP-TO-DATE
:app:mergeDebugJniLibFolders UP-TO-DATE
:app:transformNative_libsWithMergeJniLibsForDebug UP-TO-DATE
:app:processDebugJavaRes UP-TO-DATE
:app:transformResourcesWithMergeJavaResForDebug UP-TO-DATE
:app:validateSigningDebug
:app:packageDebug UP-TO-DATE
:app:assembleDebug UP-TO-DATE
:app:installDebug
Installing APK 'app-debug.apk' on 'ONEPLUS A5000 - 7.1.1' for app:debug
Installed on 1 device.

BUILD SUCCESSFUL

Total time: 16.259 secs
Running C:\Users\shivam.aditya\AppData\Local\Android\Sdk/platform-tools/adb -s d03c23c1 reverse tcp:8081 tcp:8081
adb server version (32) doesn't match this client (39); killing...
* daemon started successfully *
Starting the app on d03c23c1 (C:\Users\shivam.aditya\AppData\Local\Android\Sdk/platform-tools/adb -s d03c23c1 shell am s
tart -n com.sampleprojectcollection/com.sampleprojectcollection.MainActivity)...
Starting: Intent { cmp=com.sampleprojectcollection/.MainActivity }
PS E:\Dailyhunt Projects\SampleProjectCollection> react-native run-android
Scanning 650 folders for symlinks in E:\Dailyhunt Projects\SampleProjectCollection\node_modules (28ms)
Starting JS server...
Building and installing the app on the device (cd android && gradlew.bat installDebug)...
Incremental java compilation is an incubating feature.
:app:preBuild UP-TO-DATE
:app:preDebugBuild UP-TO-DATE
:app:checkDebugManifest
:app:preReleaseBuild UP-TO-DATE
:app:prepareComAndroidSupportAppcompatV72301Library UP-TO-DATE
:app:prepareComAndroidSupportSupportV42301Library UP-TO-DATE
:app:prepareComFacebookFbuiTextlayoutbuilderTextlayoutbuilder100Library UP-TO-DATE
:app:prepareComFacebookFrescoDrawee130Library UP-TO-DATE
:app:prepareComFacebookFrescoFbcore130Library UP-TO-DATE
:app:prepareComFacebookFrescoFresco130Library UP-TO-DATE
:app:prepareComFacebookFrescoImagepipeline130Library UP-TO-DATE
:app:prepareComFacebookFrescoImagepipelineBase130Library UP-TO-DATE
:app:prepareComFacebookFrescoImagepipelineOkhttp3130Library UP-TO-DATE
:app:prepareComFacebookReactReactNative0484Library UP-TO-DATE
:app:prepareComFacebookSoloaderSoloader010Library UP-TO-DATE
:app:prepareOrgWebkitAndroidJscR174650Library UP-TO-DATE
:app:prepareDebugDependencies
:app:compileDebugAidl UP-TO-DATE
:app:compileDebugRenderscript UP-TO-DATE
:app:generateDebugBuildConfig UP-TO-DATE
:app:mergeDebugShaders UP-TO-DATE
:app:compileDebugShaders UP-TO-DATE
:app:generateDebugAssets UP-TO-DATE
:app:mergeDebugAssets UP-TO-DATE
:app:generateDebugResValues UP-TO-DATE
:app:generateDebugResources UP-TO-DATE
:app:mergeDebugResources UP-TO-DATE
:app:bundleDebugJsAndAssets SKIPPED
:app:processDebugManifest UP-TO-DATE
:app:processDebugResources UP-TO-DATE
:app:generateDebugSources UP-TO-DATE
:app:incrementalDebugJavaCompilationSafeguard UP-TO-DATE
:app:compileDebugJavaWithJavac UP-TO-DATE
:app:compileDebugNdk UP-TO-DATE
:app:compileDebugSources UP-TO-DATE
:app:transformClassesWithDexForDebug UP-TO-DATE
:app:mergeDebugJniLibFolders UP-TO-DATE
:app:transformNative_libsWithMergeJniLibsForDebug UP-TO-DATE
:app:processDebugJavaRes UP-TO-DATE
:app:transformResourcesWithMergeJavaResForDebug UP-TO-DATE
:app:validateSigningDebug
:app:packageDebug UP-TO-DATE
:app:assembleDebug UP-TO-DATE
:app:installDebug
Installing APK 'app-debug.apk' on 'ONEPLUS A5000 - 7.1.1' for app:debug
Installed on 1 device.

BUILD SUCCESSFUL

Total time: 17.053 secs
Running C:\Users\shivam.aditya\AppData\Local\Android\Sdk/platform-tools/adb -s d03c23c1 reverse tcp:8081 tcp:8081
adb server version (32) doesn't match this client (39); killing...
* daemon started successfully *
Starting the app on d03c23c1 (C:\Users\shivam.aditya\AppData\Local\Android\Sdk/platform-tools/adb -s d03c23c1 shell am s
tart -n com.sampleprojectcollection/com.sampleprojectcollection.MainActivity)...
Starting: Intent { cmp=com.sampleprojectcollection/.MainActivity }
PS E:\Dailyhunt Projects\SampleProjectCollection> react-native run-android
Scanning 650 folders for symlinks in E:\Dailyhunt Projects\SampleProjectCollection\node_modules (28ms)
Starting JS server...
Building and installing the app on the device (cd android && gradlew.bat installDebug)...
Incremental java compilation is an incubating feature.
:app:preBuild UP-TO-DATE
:app:preDebugBuild UP-TO-DATE
:app:checkDebugManifest
:app:preReleaseBuild UP-TO-DATE
:app:prepareComAndroidSupportAppcompatV72301Library UP-TO-DATE
:app:prepareComAndroidSupportSupportV42301Library UP-TO-DATE
:app:prepareComFacebookFbuiTextlayoutbuilderTextlayoutbuilder100Library UP-TO-DATE
:app:prepareComFacebookFrescoDrawee130Library UP-TO-DATE
:app:prepareComFacebookFrescoFbcore130Library UP-TO-DATE
:app:prepareComFacebookFrescoFresco130Library UP-TO-DATE
:app:prepareComFacebookFrescoImagepipeline130Library UP-TO-DATE
:app:prepareComFacebookFrescoImagepipelineBase130Library UP-TO-DATE
:app:prepareComFacebookFrescoImagepipelineOkhttp3130Library UP-TO-DATE
:app:prepareComFacebookReactReactNative0484Library UP-TO-DATE
:app:prepareComFacebookSoloaderSoloader010Library UP-TO-DATE
:app:prepareOrgWebkitAndroidJscR174650Library UP-TO-DATE
:app:prepareDebugDependencies
:app:compileDebugAidl UP-TO-DATE
:app:compileDebugRenderscript UP-TO-DATE
:app:generateDebugBuildConfig UP-TO-DATE
:app:mergeDebugShaders UP-TO-DATE
:app:compileDebugShaders UP-TO-DATE
:app:generateDebugAssets UP-TO-DATE
:app:mergeDebugAssets UP-TO-DATE
:app:generateDebugResValues UP-TO-DATE
:app:generateDebugResources UP-TO-DATE
:app:mergeDebugResources UP-TO-DATE
:app:bundleDebugJsAndAssets SKIPPED
:app:processDebugManifest UP-TO-DATE
:app:processDebugResources UP-TO-DATE
:app:generateDebugSources UP-TO-DATE
:app:incrementalDebugJavaCompilationSafeguard UP-TO-DATE
:app:compileDebugJavaWithJavac UP-TO-DATE
:app:compileDebugNdk UP-TO-DATE
:app:compileDebugSources UP-TO-DATE
:app:transformClassesWithDexForDebug UP-TO-DATE
:app:mergeDebugJniLibFolders UP-TO-DATE
:app:transformNative_libsWithMergeJniLibsForDebug UP-TO-DATE
:app:processDebugJavaRes UP-TO-DATE
:app:transformResourcesWithMergeJavaResForDebug UP-TO-DATE
:app:validateSigningDebug
:app:packageDebug UP-TO-DATE
:app:assembleDebug UP-TO-DATE
:app:installDebug
Installing APK 'app-debug.apk' on 'ONEPLUS A5000 - 7.1.1' for app:debug
Installed on 1 device.

BUILD SUCCESSFUL

Total time: 17.086 secs
Running C:\Users\shivam.aditya\AppData\Local\Android\Sdk/platform-tools/adb -s d03c23c1 reverse tcp:8081 tcp:8081
adb server version (32) doesn't match this client (39); killing...
* daemon started successfully *
Starting the app on d03c23c1 (C:\Users\shivam.aditya\AppData\Local\Android\Sdk/platform-tools/adb -s d03c23c1 shell am s
tart -n com.sampleprojectcollection/com.sampleprojectcollection.MainActivity)...
Starting: Intent { cmp=com.sampleprojectcollection/.MainActivity }
PS E:\Dailyhunt Projects\SampleProjectCollection> react-native run-android
Scanning 650 folders for symlinks in E:\Dailyhunt Projects\SampleProjectCollection\node_modules (24ms)
Starting JS server...
Building and installing the app on the device (cd android && gradlew.bat installDebug)...
'Incremental java compilation is an incubating feature.
:app:preBuild UP-TO-DATE
:app:preDebugBuild UP-TO-DATE
:app:checkDebugManifest
:app:preReleaseBuild UP-TO-DATE
:app:prepareComAndroidSupportAppcompatV72301Library UP-TO-DATE
:app:prepareComAndroidSupportSupportV42301Library UP-TO-DATE
:app:prepareComFacebookFbuiTextlayoutbuilderTextlayoutbuilder100Library UP-TO-DATE
:app:prepareComFacebookFrescoDrawee130Library UP-TO-DATE
:app:prepareComFacebookFrescoFbcore130Library UP-TO-DATE
:app:prepareComFacebookFrescoFresco130Library UP-TO-DATE
:app:prepareComFacebookFrescoImagepipeline130Library UP-TO-DATE
:app:prepareComFacebookFrescoImagepipelineBase130Library UP-TO-DATE
:app:prepareComFacebookFrescoImagepipelineOkhttp3130Library UP-TO-DATE
:app:prepareComFacebookReactReactNative0484Library UP-TO-DATE
:app:prepareComFacebookSoloaderSoloader010Library UP-TO-DATE
:app:prepareOrgWebkitAndroidJscR174650Library UP-TO-DATE
:app:prepareDebugDependencies
:app:compileDebugAidl UP-TO-DATE
:app:compileDebugRenderscript UP-TO-DATE
:app:generateDebugBuildConfig UP-TO-DATE
:app:mergeDebugShaders UP-TO-DATE
:app:compileDebugShaders UP-TO-DATE
:app:generateDebugAssets UP-TO-DATE
:app:mergeDebugAssets UP-TO-DATE
:app:generateDebugResValues UP-TO-DATE
:app:generateDebugResources UP-TO-DATE
:app:mergeDebugResources UP-TO-DATE
:app:bundleDebugJsAndAssets SKIPPED
:app:processDebugManifest UP-TO-DATE
:app:processDebugResources UP-TO-DATE
:app:generateDebugSources UP-TO-DATE
:app:incrementalDebugJavaCompilationSafeguard UP-TO-DATE
:app:compileDebugJavaWithJavac UP-TO-DATE
:app:compileDebugNdk UP-TO-DATE
:app:compileDebugSources UP-TO-DATE
:app:transformClassesWithDexForDebug UP-TO-DATE
:app:mergeDebugJniLibFolders UP-TO-DATE
:app:transformNative_libsWithMergeJniLibsForDebug UP-TO-DATE
:app:processDebugJavaRes UP-TO-DATE
:app:transformResourcesWithMergeJavaResForDebug UP-TO-DATE
:app:validateSigningDebug
:app:packageDebug UP-TO-DATE
:app:assembleDebug UP-TO-DATE
:app:installDebug
Installing APK 'app-debug.apk' on 'ONEPLUS A5000 - 7.1.1' for app:debug
Installed on 1 device.

BUILD SUCCESSFUL

Total time: 16.642 secs
Running C:\Users\shivam.aditya\AppData\Local\Android\Sdk/platform-tools/adb -s d03c23c1 reverse tcp:8081 tcp:8081
adb server version (32) doesn't match this client (39); killing...
* daemon started successfully *
Starting the app on d03c23c1 (C:\Users\shivam.aditya\AppData\Local\Android\Sdk/platform-tools/adb -s d03c23c1 shell am s
tart -n com.sampleprojectcollection/com.sampleprojectcollection.MainActivity)...
Starting: Intent { cmp=com.sampleprojectcollection/.MainActivity }
PS E:\Dailyhunt Projects\SampleProjectCollection> react-native run-android
Scanning 650 folders for symlinks in E:\Dailyhunt Projects\SampleProjectCollection\node_modules (25ms)
Starting JS server...
Building and installing the app on the device (cd android && gradlew.bat installDebug)...
Incremental java compilation is an incubating feature.
:app:preBuild UP-TO-DATE
:app:preDebugBuild UP-TO-DATE
:app:checkDebugManifest
:app:preReleaseBuild UP-TO-DATE
:app:prepareComAndroidSupportAppcompatV72301Library UP-TO-DATE
:app:prepareComAndroidSupportSupportV42301Library UP-TO-DATE
:app:prepareComFacebookFbuiTextlayoutbuilderTextlayoutbuilder100Library UP-TO-DATE
:app:prepareComFacebookFrescoDrawee130Library UP-TO-DATE
:app:prepareComFacebookFrescoFbcore130Library UP-TO-DATE
:app:prepareComFacebookFrescoFresco130Library UP-TO-DATE
:app:prepareComFacebookFrescoImagepipeline130Library UP-TO-DATE
:app:prepareComFacebookFrescoImagepipelineBase130Library UP-TO-DATE
:app:prepareComFacebookFrescoImagepipelineOkhttp3130Library UP-TO-DATE
:app:prepareComFacebookReactReactNative0484Library UP-TO-DATE
:app:prepareComFacebookSoloaderSoloader010Library UP-TO-DATE
:app:prepareOrgWebkitAndroidJscR174650Library UP-TO-DATE
:app:prepareDebugDependencies
:app:compileDebugAidl UP-TO-DATE
:app:compileDebugRenderscript UP-TO-DATE
:app:generateDebugBuildConfig UP-TO-DATE
:app:mergeDebugShaders UP-TO-DATE
:app:compileDebugShaders UP-TO-DATE
:app:generateDebugAssets UP-TO-DATE
:app:mergeDebugAssets UP-TO-DATE
:app:generateDebugResValues UP-TO-DATE
:app:generateDebugResources UP-TO-DATE
:app:mergeDebugResources UP-TO-DATE
:app:bundleDebugJsAndAssets SKIPPED
:app:processDebugManifest UP-TO-DATE
:app:processDebugResources UP-TO-DATE
:app:generateDebugSources UP-TO-DATE
:app:incrementalDebugJavaCompilationSafeguard UP-TO-DATE
:app:compileDebugJavaWithJavac UP-TO-DATE
:app:compileDebugNdk UP-TO-DATE
:app:compileDebugSources UP-TO-DATE
:app:transformClassesWithDexForDebug UP-TO-DATE
:app:mergeDebugJniLibFolders UP-TO-DATE
:app:transformNative_libsWithMergeJniLibsForDebug UP-TO-DATE
:app:processDebugJavaRes UP-TO-DATE
:app:transformResourcesWithMergeJavaResForDebug UP-TO-DATE
:app:validateSigningDebug
:app:packageDebug UP-TO-DATE
:app:assembleDebug UP-TO-DATE
:app:installDebug
Installing APK 'app-debug.apk' on 'ONEPLUS A5000 - 7.1.1' for app:debug
Installed on 1 device.

BUILD SUCCESSFUL

Total time: 33.304 secs
Running C:\Users\shivam.aditya\AppData\Local\Android\Sdk/platform-tools/adb -s d03c23c1 reverse tcp:8081 tcp:8081
adb server version (32) doesn't match this client (39); killing...
* daemon started successfully *
Starting the app on d03c23c1 (C:\Users\shivam.aditya\AppData\Local\Android\Sdk/platform-tools/adb -s d03c23c1 shell am s
tart -n com.sampleprojectcollection/com.sampleprojectcollection.MainActivity)...
Starting: Intent { cmp=com.sampleprojectcollection/.MainActivity }
PS E:\Dailyhunt Projects\SampleProjectCollection> react-native run-android
Scanning 650 folders for symlinks in E:\Dailyhunt Projects\SampleProjectCollection\node_modules (22ms)
Starting JS server...
Building and installing the app on the device (cd android && gradlew.bat installDebug)...
Incremental java compilation is an incubating feature.
:app:preBuild UP-TO-DATE
:app:preDebugBuild UP-TO-DATE
:app:checkDebugManifest
:app:preReleaseBuild UP-TO-DATE
:app:prepareComAndroidSupportAppcompatV72301Library UP-TO-DATE
:app:prepareComAndroidSupportSupportV42301Library UP-TO-DATE
:app:prepareComFacebookFbuiTextlayoutbuilderTextlayoutbuilder100Library UP-TO-DATE
:app:prepareComFacebookFrescoDrawee130Library UP-TO-DATE
:app:prepareComFacebookFrescoFbcore130Library UP-TO-DATE
:app:prepareComFacebookFrescoFresco130Library UP-TO-DATE
:app:prepareComFacebookFrescoImagepipeline130Library UP-TO-DATE
:app:prepareComFacebookFrescoImagepipelineBase130Library UP-TO-DATE
:app:prepareComFacebookFrescoImagepipelineOkhttp3130Library UP-TO-DATE
:app:prepareComFacebookReactReactNative0484Library UP-TO-DATE
:app:prepareComFacebookSoloaderSoloader010Library UP-TO-DATE
:app:prepareOrgWebkitAndroidJscR174650Library UP-TO-DATE
:app:prepareDebugDependencies
:app:compileDebugAidl UP-TO-DATE
:app:compileDebugRenderscript UP-TO-DATE
:app:generateDebugBuildConfig UP-TO-DATE
:app:mergeDebugShaders UP-TO-DATE
:app:compileDebugShaders UP-TO-DATE
:app:generateDebugAssets UP-TO-DATE
:app:mergeDebugAssets UP-TO-DATE
:app:generateDebugResValues UP-TO-DATE
:app:generateDebugResources UP-TO-DATE
:app:mergeDebugResources UP-TO-DATE
:app:bundleDebugJsAndAssets SKIPPED
:app:processDebugManifest UP-TO-DATE
:app:processDebugResources UP-TO-DATE
:app:generateDebugSources UP-TO-DATE
:app:incrementalDebugJavaCompilationSafeguard UP-TO-DATE
:app:compileDebugJavaWithJavac UP-TO-DATE
:app:compileDebugNdk UP-TO-DATE
:app:compileDebugSources UP-TO-DATE
:app:transformClassesWithDexForDebug UP-TO-DATE
:app:mergeDebugJniLibFolders UP-TO-DATE
:app:transformNative_libsWithMergeJniLibsForDebug UP-TO-DATE
:app:processDebugJavaRes UP-TO-DATE
:app:transformResourcesWithMergeJavaResForDebug UP-TO-DATE
:app:validateSigningDebug
:app:packageDebug UP-TO-DATE
:app:assembleDebug UP-TO-DATE
:app:installDebug
Installing APK 'app-debug.apk' on 'ONEPLUS A5000 - 7.1.1' for app:debug
Installed on 1 device.

BUILD SUCCESSFUL

Total time: 36.375 secs
Running C:\Users\shivam.aditya\AppData\Local\Android\Sdk/platform-tools/adb -s d03c23c1 reverse tcp:8081 tcp:8081
adb server version (32) doesn't match this client (39); killing...
* daemon started successfully *
Starting the app on d03c23c1 (C:\Users\shivam.aditya\AppData\Local\Android\Sdk/platform-tools/adb -s d03c23c1 shell am s
tart -n com.sampleprojectcollection/com.sampleprojectcollection.MainActivity)...
Starting: Intent { cmp=com.sampleprojectcollection/.MainActivity }
PS E:\Dailyhunt Projects\SampleProjectCollection> react-native run-android
Scanning 650 folders for symlinks in E:\Dailyhunt Projects\SampleProjectCollection\node_modules (21ms)
Starting JS server...
Building and installing the app on the device (cd android && gradlew.bat installDebug)...
Incremental java compilation is an incubating feature.
:app:preBuild UP-TO-DATE
:app:preDebugBuild UP-TO-DATE
:app:checkDebugManifest
:app:preReleaseBuild UP-TO-DATE
:app:prepareComAndroidSupportAppcompatV72301Library UP-TO-DATE
:app:prepareComAndroidSupportSupportV42301Library UP-TO-DATE
:app:prepareComFacebookFbuiTextlayoutbuilderTextlayoutbuilder100Library UP-TO-DATE
:app:prepareComFacebookFrescoDrawee130Library UP-TO-DATE
:app:prepareComFacebookFrescoFbcore130Library UP-TO-DATE
:app:prepareComFacebookFrescoFresco130Library UP-TO-DATE
:app:prepareComFacebookFrescoImagepipeline130Library UP-TO-DATE
:app:prepareComFacebookFrescoImagepipelineBase130Library UP-TO-DATE
:app:prepareComFacebookFrescoImagepipelineOkhttp3130Library UP-TO-DATE
:app:prepareComFacebookReactReactNative0484Library UP-TO-DATE
:app:prepareComFacebookSoloaderSoloader010Library UP-TO-DATE
:app:prepareOrgWebkitAndroidJscR174650Library UP-TO-DATE
:app:prepareDebugDependencies
:app:compileDebugAidl UP-TO-DATE
:app:compileDebugRenderscript UP-TO-DATE
:app:generateDebugBuildConfig UP-TO-DATE
:app:mergeDebugShaders UP-TO-DATE
:app:compileDebugShaders UP-TO-DATE
:app:generateDebugAssets UP-TO-DATE
:app:mergeDebugAssets UP-TO-DATE
:app:generateDebugResValues UP-TO-DATE
:app:generateDebugResources UP-TO-DATE
:app:mergeDebugResources UP-TO-DATE
:app:bundleDebugJsAndAssets SKIPPED
:app:processDebugManifest UP-TO-DATE
:app:processDebugResources UP-TO-DATE
:app:generateDebugSources UP-TO-DATE
:app:incrementalDebugJavaCompilationSafeguard UP-TO-DATE
:app:compileDebugJavaWithJavac UP-TO-DATE
:app:compileDebugNdk UP-TO-DATE
:app:compileDebugSources UP-TO-DATE
:app:transformClassesWithDexForDebug UP-TO-DATE
:app:mergeDebugJniLibFolders UP-TO-DATE
:app:transformNative_libsWithMergeJniLibsForDebug UP-TO-DATE
:app:processDebugJavaRes UP-TO-DATE
:app:transformResourcesWithMergeJavaResForDebug UP-TO-DATE
:app:validateSigningDebug
:app:packageDebug UP-TO-DATE
:app:assembleDebug UP-TO-DATE
:app:installDebug
Installing APK 'app-debug.apk' on 'ONEPLUS A5000 - 7.1.1' for app:debug
Installed on 1 device.

BUILD SUCCESSFUL

Total time: 16.31 secs
Running C:\Users\shivam.aditya\AppData\Local\Android\Sdk/platform-tools/adb -s d03c23c1 reverse tcp:8081 tcp:8081
adb server version (32) doesn't match this client (39); killing...
* daemon started successfully *
Starting the app on d03c23c1 (C:\Users\shivam.aditya\AppData\Local\Android\Sdk/platform-tools/adb -s d03c23c1 shell am s
tart -n com.sampleprojectcollection/com.sampleprojectcollection.MainActivity)...
Starting: Intent { cmp=com.sampleprojectcollection/.MainActivity }
PS E:\Dailyhunt Projects\SampleProjectCollection> react-native run-android
Scanning 650 folders for symlinks in E:\Dailyhunt Projects\SampleProjectCollection\node_modules (21ms)
Starting JS server...
Building and installing the app on the device (cd android && gradlew.bat installDebug)...
Incremental java compilation is an incubating feature.
:app:preBuild UP-TO-DATE
:app:preDebugBuild UP-TO-DATE
:app:checkDebugManifest
:app:preReleaseBuild UP-TO-DATE
:app:prepareComAndroidSupportAppcompatV72301Library UP-TO-DATE
:app:prepareComAndroidSupportSupportV42301Library UP-TO-DATE
:app:prepareComFacebookFbuiTextlayoutbuilderTextlayoutbuilder100Library UP-TO-DATE
:app:prepareComFacebookFrescoDrawee130Library UP-TO-DATE
:app:prepareComFacebookFrescoFbcore130Library UP-TO-DATE
:app:prepareComFacebookFrescoFresco130Library UP-TO-DATE
:app:prepareComFacebookFrescoImagepipeline130Library UP-TO-DATE
:app:prepareComFacebookFrescoImagepipelineBase130Library UP-TO-DATE
:app:prepareComFacebookFrescoImagepipelineOkhttp3130Library UP-TO-DATE
:app:prepareComFacebookReactReactNative0484Library UP-TO-DATE
:app:prepareComFacebookSoloaderSoloader010Library UP-TO-DATE
:app:prepareOrgWebkitAndroidJscR174650Library UP-TO-DATE
:app:prepareDebugDependencies
:app:compileDebugAidl UP-TO-DATE
:app:compileDebugRenderscript UP-TO-DATE
:app:generateDebugBuildConfig UP-TO-DATE
:app:mergeDebugShaders UP-TO-DATE
:app:compileDebugShaders UP-TO-DATE
:app:generateDebugAssets UP-TO-DATE
:app:mergeDebugAssets UP-TO-DATE
:app:generateDebugResValues UP-TO-DATE
:app:generateDebugResources UP-TO-DATE
:app:mergeDebugResources UP-TO-DATE
:app:bundleDebugJsAndAssets SKIPPED
:app:processDebugManifest UP-TO-DATE
:app:processDebugResources UP-TO-DATE
:app:generateDebugSources UP-TO-DATE
:app:incrementalDebugJavaCompilationSafeguard UP-TO-DATE
:app:compileDebugJavaWithJavac UP-TO-DATE
:app:compileDebugNdk UP-TO-DATE
:app:compileDebugSources UP-TO-DATE
:app:transformClassesWithDexForDebug UP-TO-DATE
:app:mergeDebugJniLibFolders UP-TO-DATE
:app:transformNative_libsWithMergeJniLibsForDebug UP-TO-DATE
:app:processDebugJavaRes UP-TO-DATE
:app:transformResourcesWithMergeJavaResForDebug UP-TO-DATE
:app:validateSigningDebug
:app:packageDebug UP-TO-DATE
:app:assembleDebug UP-TO-DATE
:app:installDebug
Installing APK 'app-debug.apk' on 'ONEPLUS A5000 - 7.1.1' for app:debug
Installed on 1 device.

BUILD SUCCESSFUL

Total time: 15.813 secs
Running C:\Users\shivam.aditya\AppData\Local\Android\Sdk/platform-tools/adb -s d03c23c1 reverse tcp:8081 tcp:8081
adb server version (32) doesn't match this client (39); killing...
* daemon started successfully *
Starting the app on d03c23c1 (C:\Users\shivam.aditya\AppData\Local\Android\Sdk/platform-tools/adb -s d03c23c1 shell am s
tart -n com.sampleprojectcollection/com.sampleprojectcollection.MainActivity)...
Starting: Intent { cmp=com.sampleprojectcollection/.MainActivity }
^CTerminate batch job (Y/N)? y
PS E:\Dailyhunt Projects\SampleProjectCollection> TerminatingError(): "The pipeline has been stopped."
>> TerminatingError(): "The pipeline has been stopped."
PS E:\Dailyhunt Projects\SampleProjectCollection> react-native run-android
Scanning 650 folders for symlinks in E:\Dailyhunt Projects\SampleProjectCollection\node_modules (36ms)
Starting JS server...
Building and installing the app on the device (cd android && gradlew.bat installDebug)...
Incremental java compilation is an incubating feature.
:app:preBuild UP-TO-DATE
:app:preDebugBuild UP-TO-DATE
:app:checkDebugManifest
:app:preReleaseBuild UP-TO-DATE
:app:prepareComAndroidSupportAppcompatV72301Library UP-TO-DATE
:app:prepareComAndroidSupportSupportV42301Library UP-TO-DATE
:app:prepareComFacebookFbuiTextlayoutbuilderTextlayoutbuilder100Library UP-TO-DATE
:app:prepareComFacebookFrescoDrawee130Library UP-TO-DATE
:app:prepareComFacebookFrescoFbcore130Library UP-TO-DATE
:app:prepareComFacebookFrescoFresco130Library UP-TO-DATE
:app:prepareComFacebookFrescoImagepipeline130Library UP-TO-DATE
:app:prepareComFacebookFrescoImagepipelineBase130Library UP-TO-DATE
:app:prepareComFacebookFrescoImagepipelineOkhttp3130Library UP-TO-DATE
:app:prepareComFacebookReactReactNative0484Library UP-TO-DATE
:app:prepareComFacebookSoloaderSoloader010Library UP-TO-DATE
:app:prepareOrgWebkitAndroidJscR174650Library UP-TO-DATE
:app:prepareDebugDependencies
:app:compileDebugAidl UP-TO-DATE
:app:compileDebugRenderscript UP-TO-DATE
:app:generateDebugBuildConfig UP-TO-DATE
:app:mergeDebugShaders UP-TO-DATE
:app:compileDebugShaders UP-TO-DATE
:app:generateDebugAssets UP-TO-DATE
:app:mergeDebugAssets UP-TO-DATE
:app:generateDebugResValues UP-TO-DATE
:app:generateDebugResources UP-TO-DATE
:app:mergeDebugResources UP-TO-DATE
:app:bundleDebugJsAndAssets SKIPPED
:app:processDebugManifest UP-TO-DATE
:app:processDebugResources UP-TO-DATE
:app:generateDebugSources UP-TO-DATE
:app:incrementalDebugJavaCompilationSafeguard UP-TO-DATE
:app:compileDebugJavaWithJavac UP-TO-DATE
:app:compileDebugNdk UP-TO-DATE
:app:compileDebugSources UP-TO-DATE
:app:transformClassesWithDexForDebug UP-TO-DATE
:app:mergeDebugJniLibFolders UP-TO-DATE
:app:transformNative_libsWithMergeJniLibsForDebug UP-TO-DATE
:app:processDebugJavaRes UP-TO-DATE
:app:transformResourcesWithMergeJavaResForDebug UP-TO-DATE
:app:validateSigningDebug
:app:packageDebug UP-TO-DATE
:app:assembleDebug UP-TO-DATE
:app:installDebug
Installing APK 'app-debug.apk' on 'ONEPLUS A5000 - 7.1.1' for app:debug
Installed on 1 device.

BUILD SUCCESSFUL

Total time: 16.488 secs
Running C:\Users\shivam.aditya\AppData\Local\Android\Sdk/platform-tools/adb -s d03c23c1 reverse tcp:8081 tcp:8081
adb server version (32) doesn't match this client (39); killing...
* daemon started successfully *
Starting the app on d03c23c1 (C:\Users\shivam.aditya\AppData\Local\Android\Sdk/platform-tools/adb -s d03c23c1 shell am s
tart -n com.sampleprojectcollection/com.sampleprojectcollection.MainActivity)...
Starting: Intent { cmp=com.sampleprojectcollection/.MainActivity }
PS E:\Dailyhunt Projects\SampleProjectCollection> react-native run-android
Scanning 650 folders for symlinks in E:\Dailyhunt Projects\SampleProjectCollection\node_modules (27ms)
Starting JS server...
Building and installing the app on the device (cd android && gradlew.bat installDebug)...
Incremental java compilation is an incubating feature.
:app:preBuild UP-TO-DATE
:app:preDebugBuild UP-TO-DATE
:app:checkDebugManifest
:app:preReleaseBuild UP-TO-DATE
:app:prepareComAndroidSupportAppcompatV72301Library UP-TO-DATE
:app:prepareComAndroidSupportSupportV42301Library UP-TO-DATE
:app:prepareComFacebookFbuiTextlayoutbuilderTextlayoutbuilder100Library UP-TO-DATE
:app:prepareComFacebookFrescoDrawee130Library UP-TO-DATE
:app:prepareComFacebookFrescoFbcore130Library UP-TO-DATE
:app:prepareComFacebookFrescoFresco130Library UP-TO-DATE
:app:prepareComFacebookFrescoImagepipeline130Library UP-TO-DATE
:app:prepareComFacebookFrescoImagepipelineBase130Library UP-TO-DATE
:app:prepareComFacebookFrescoImagepipelineOkhttp3130Library UP-TO-DATE
:app:prepareComFacebookReactReactNative0484Library UP-TO-DATE
:app:prepareComFacebookSoloaderSoloader010Library UP-TO-DATE
:app:prepareOrgWebkitAndroidJscR174650Library UP-TO-DATE
:app:prepareDebugDependencies
:app:compileDebugAidl UP-TO-DATE
:app:compileDebugRenderscript UP-TO-DATE
:app:generateDebugBuildConfig UP-TO-DATE
:app:mergeDebugShaders UP-TO-DATE
:app:compileDebugShaders UP-TO-DATE
:app:generateDebugAssets UP-TO-DATE
:app:mergeDebugAssets UP-TO-DATE
:app:generateDebugResValues UP-TO-DATE
:app:generateDebugResources UP-TO-DATE
:app:mergeDebugResources UP-TO-DATE
:app:bundleDebugJsAndAssets SKIPPED
:app:processDebugManifest UP-TO-DATE
:app:processDebugResources UP-TO-DATE
:app:generateDebugSources UP-TO-DATE
:app:incrementalDebugJavaCompilationSafeguard UP-TO-DATE
:app:compileDebugJavaWithJavac UP-TO-DATE
:app:compileDebugNdk UP-TO-DATE
:app:compileDebugSources UP-TO-DATE
:app:transformClassesWithDexForDebug UP-TO-DATE
:app:mergeDebugJniLibFolders UP-TO-DATE
:app:transformNative_libsWithMergeJniLibsForDebug UP-TO-DATE
:app:processDebugJavaRes UP-TO-DATE
:app:transformResourcesWithMergeJavaResForDebug UP-TO-DATE
:app:validateSigningDebug
:app:packageDebug UP-TO-DATE
:app:assembleDebug UP-TO-DATE
:app:installDebug
Installing APK 'app-debug.apk' on 'XT1706 - 6.0' for app:debug
Installed on 1 device.

BUILD SUCCESSFUL

Total time: 32.082 secs
Running C:\Users\shivam.aditya\AppData\Local\Android\Sdk/platform-tools/adb -s HKE6GU2U reverse tcp:8081 tcp:8081
adb server version (32) doesn't match this client (39); killing...
* daemon started successfully *
Starting the app on HKE6GU2U (C:\Users\shivam.aditya\AppData\Local\Android\Sdk/platform-tools/adb -s HKE6GU2U shell am s
tart -n com.sampleprojectcollection/com.sampleprojectcollection.MainActivity)...
Starting: Intent { cmp=com.sampleprojectcollection/.MainActivity }
PS E:\Dailyhunt Projects\SampleProjectCollection> react-native run-android
Scanning 650 folders for symlinks in E:\Dailyhunt Projects\SampleProjectCollection\node_modules (27ms)
Starting JS server...
Building and installing the app on the device (cd android && gradlew.bat installDebug)...
Incremental java compilation is an incubating feature.
:app:preBuild UP-TO-DATE
:app:preDebugBuild UP-TO-DATE
:app:checkDebugManifest
:app:preReleaseBuild UP-TO-DATE
:app:prepareComAndroidSupportAppcompatV72301Library UP-TO-DATE
:app:prepareComAndroidSupportSupportV42301Library UP-TO-DATE
:app:prepareComFacebookFbuiTextlayoutbuilderTextlayoutbuilder100Library UP-TO-DATE
:app:prepareComFacebookFrescoDrawee130Library UP-TO-DATE
:app:prepareComFacebookFrescoFbcore130Library UP-TO-DATE
:app:prepareComFacebookFrescoFresco130Library UP-TO-DATE
:app:prepareComFacebookFrescoImagepipeline130Library UP-TO-DATE
:app:prepareComFacebookFrescoImagepipelineBase130Library UP-TO-DATE
:app:prepareComFacebookFrescoImagepipelineOkhttp3130Library UP-TO-DATE
:app:prepareComFacebookReactReactNative0484Library UP-TO-DATE
:app:prepareComFacebookSoloaderSoloader010Library UP-TO-DATE
:app:prepareOrgWebkitAndroidJscR174650Library UP-TO-DATE
:app:prepareDebugDependencies
:app:compileDebugAidl UP-TO-DATE
:app:compileDebugRenderscript UP-TO-DATE
:app:generateDebugBuildConfig UP-TO-DATE
:app:mergeDebugShaders UP-TO-DATE
:app:compileDebugShaders UP-TO-DATE
:app:generateDebugAssets UP-TO-DATE
:app:mergeDebugAssets UP-TO-DATE
:app:generateDebugResValues UP-TO-DATE
:app:generateDebugResources UP-TO-DATE
:app:mergeDebugResources UP-TO-DATE
:app:bundleDebugJsAndAssets SKIPPED
:app:processDebugManifest UP-TO-DATE
:app:processDebugResources UP-TO-DATE
:app:generateDebugSources UP-TO-DATE
:app:incrementalDebugJavaCompilationSafeguard UP-TO-DATE
:app:compileDebugJavaWithJavac UP-TO-DATE
:app:compileDebugNdk UP-TO-DATE
:app:compileDebugSources UP-TO-DATE
:app:transformClassesWithDexForDebug UP-TO-DATE
:app:mergeDebugJniLibFolders UP-TO-DATE
:app:transformNative_libsWithMergeJniLibsForDebug UP-TO-DATE
:app:processDebugJavaRes UP-TO-DATE
:app:transformResourcesWithMergeJavaResForDebug UP-TO-DATE
:app:validateSigningDebug
:app:packageDebug UP-TO-DATE
:app:assembleDebug UP-TO-DATE
:app:installDebug
Installing APK 'app-debug.apk' on 'XT1706 - 6.0' for app:debug
Installed on 1 device.

BUILD SUCCESSFUL

Total time: 51.006 secs
Running C:\Users\shivam.aditya\AppData\Local\Android\Sdk/platform-tools/adb -s HKE6GU2U reverse tcp:8081 tcp:8081
adb server version (32) doesn't match this client (39); killing...
* daemon started successfully *
Starting the app on HKE6GU2U (C:\Users\shivam.aditya\AppData\Local\Android\Sdk/platform-tools/adb -s HKE6GU2U shell am s
tart -n com.sampleprojectcollection/com.sampleprojectcollection.MainActivity)...
Starting: Intent { cmp=com.sampleprojectcollection/.MainActivity }
PS E:\Dailyhunt Projects\SampleProjectCollection> react-native run-android
Scanning 650 folders for symlinks in E:\Dailyhunt Projects\SampleProjectCollection\node_modules (30ms)
Starting JS server...
Building and installing the app on the device (cd android && gradlew.bat installDebug)...
Incremental java compilation is an incubating feature.
:app:preBuild UP-TO-DATE
:app:preDebugBuild UP-TO-DATE
:app:checkDebugManifest
:app:preReleaseBuild UP-TO-DATE
:app:prepareComAndroidSupportAppcompatV72301Library UP-TO-DATE
:app:prepareComAndroidSupportSupportV42301Library UP-TO-DATE
:app:prepareComFacebookFbuiTextlayoutbuilderTextlayoutbuilder100Library UP-TO-DATE
:app:prepareComFacebookFrescoDrawee130Library UP-TO-DATE
:app:prepareComFacebookFrescoFbcore130Library UP-TO-DATE
:app:prepareComFacebookFrescoFresco130Library UP-TO-DATE
:app:prepareComFacebookFrescoImagepipeline130Library UP-TO-DATE
:app:prepareComFacebookFrescoImagepipelineBase130Library UP-TO-DATE
:app:prepareComFacebookFrescoImagepipelineOkhttp3130Library UP-TO-DATE
:app:prepareComFacebookReactReactNative0484Library UP-TO-DATE
:app:prepareComFacebookSoloaderSoloader010Library UP-TO-DATE
:app:prepareOrgWebkitAndroidJscR174650Library UP-TO-DATE
:app:prepareDebugDependencies
:app:compileDebugAidl UP-TO-DATE
:app:compileDebugRenderscript UP-TO-DATE
:app:generateDebugBuildConfig UP-TO-DATE
:app:mergeDebugShaders UP-TO-DATE
:app:compileDebugShaders UP-TO-DATE
:app:generateDebugAssets UP-TO-DATE
:app:mergeDebugAssets UP-TO-DATE
:app:generateDebugResValues UP-TO-DATE
:app:generateDebugResources UP-TO-DATE
:app:mergeDebugResources UP-TO-DATE
:app:bundleDebugJsAndAssets SKIPPED
:app:processDebugManifest UP-TO-DATE
:app:processDebugResources UP-TO-DATE
:app:generateDebugSources UP-TO-DATE
:app:incrementalDebugJavaCompilationSafeguard UP-TO-DATE
:app:compileDebugJavaWithJavac UP-TO-DATE
:app:compileDebugNdk UP-TO-DATE
:app:compileDebugSources UP-TO-DATE
:app:transformClassesWithDexForDebug UP-TO-DATE
:app:mergeDebugJniLibFolders UP-TO-DATE
:app:transformNative_libsWithMergeJniLibsForDebug UP-TO-DATE
:app:processDebugJavaRes UP-TO-DATE
:app:transformResourcesWithMergeJavaResForDebug UP-TO-DATE
:app:validateSigningDebug
:app:packageDebug UP-TO-DATE
:app:assembleDebug UP-TO-DATE
:app:installDebug
Installing APK 'app-debug.apk' on 'XT1706 - 6.0' for app:debug
Installed on 1 device.

BUILD SUCCESSFUL

Total time: 32.086 secs
Running C:\Users\shivam.aditya\AppData\Local\Android\Sdk/platform-tools/adb -s HKE6GU2U reverse tcp:8081 tcp:8081
adb server version (32) doesn't match this client (39); killing...
* daemon started successfully *
Starting the app on HKE6GU2U (C:\Users\shivam.aditya\AppData\Local\Android\Sdk/platform-tools/adb -s HKE6GU2U shell am s
tart -n com.sampleprojectcollection/com.sampleprojectcollection.MainActivity)...
Starting: Intent { cmp=com.sampleprojectcollection/.MainActivity }
PS E:\Dailyhunt Projects\SampleProjectCollection> react-native run-android
Scanning 650 folders for symlinks in E:\Dailyhunt Projects\SampleProjectCollection\node_modules (30ms)
Starting JS server...
Building and installing the app on the device (cd android && gradlew.bat installDebug)...
Incremental java compilation is an incubating feature.
:app:preBuild UP-TO-DATE
:app:preDebugBuild UP-TO-DATE
:app:checkDebugManifest
:app:preReleaseBuild UP-TO-DATE
:app:prepareComAndroidSupportAppcompatV72301Library UP-TO-DATE
:app:prepareComAndroidSupportSupportV42301Library UP-TO-DATE
:app:prepareComFacebookFbuiTextlayoutbuilderTextlayoutbuilder100Library UP-TO-DATE
:app:prepareComFacebookFrescoDrawee130Library UP-TO-DATE
:app:prepareComFacebookFrescoFbcore130Library UP-TO-DATE
:app:prepareComFacebookFrescoFresco130Library UP-TO-DATE
:app:prepareComFacebookFrescoImagepipeline130Library UP-TO-DATE
:app:prepareComFacebookFrescoImagepipelineBase130Library UP-TO-DATE
:app:prepareComFacebookFrescoImagepipelineOkhttp3130Library UP-TO-DATE
:app:prepareComFacebookReactReactNative0484Library UP-TO-DATE
:app:prepareComFacebookSoloaderSoloader010Library UP-TO-DATE
:app:prepareOrgWebkitAndroidJscR174650Library UP-TO-DATE
:app:prepareDebugDependencies
:app:compileDebugAidl UP-TO-DATE
:app:compileDebugRenderscript UP-TO-DATE
:app:generateDebugBuildConfig UP-TO-DATE
:app:mergeDebugShaders UP-TO-DATE
:app:compileDebugShaders UP-TO-DATE
:app:generateDebugAssets UP-TO-DATE
:app:mergeDebugAssets UP-TO-DATE
:app:generateDebugResValues UP-TO-DATE
:app:generateDebugResources UP-TO-DATE
:app:mergeDebugResources UP-TO-DATE
:app:bundleDebugJsAndAssets SKIPPED
:app:processDebugManifest UP-TO-DATE
:app:processDebugResources UP-TO-DATE
:app:generateDebugSources UP-TO-DATE
:app:incrementalDebugJavaCompilationSafeguard UP-TO-DATE
:app:compileDebugJavaWithJavac UP-TO-DATE
:app:compileDebugNdk UP-TO-DATE
:app:compileDebugSources UP-TO-DATE
:app:transformClassesWithDexForDebug UP-TO-DATE
:app:mergeDebugJniLibFolders UP-TO-DATE
:app:transformNative_libsWithMergeJniLibsForDebug UP-TO-DATE
:app:processDebugJavaRes UP-TO-DATE
:app:transformResourcesWithMergeJavaResForDebug UP-TO-DATE
:app:validateSigningDebug
:app:packageDebug UP-TO-DATE
:app:assembleDebug UP-TO-DATE
:app:installDebug
Installing APK 'app-debug.apk' on 'XT1706 - 6.0' for app:debug
Installed on 1 device.

BUILD SUCCESSFUL

Total time: 30.04 secs
Running C:\Users\shivam.aditya\AppData\Local\Android\Sdk/platform-tools/adb -s HKE6GU2U reverse tcp:8081 tcp:8081
adb server version (32) doesn't match this client (39); killing...
* daemon started successfully *
Starting the app on HKE6GU2U (C:\Users\shivam.aditya\AppData\Local\Android\Sdk/platform-tools/adb -s HKE6GU2U shell am s
tart -n com.sampleprojectcollection/com.sampleprojectcollection.MainActivity)...
Starting: Intent { cmp=com.sampleprojectcollection/.MainActivity }
PS E:\Dailyhunt Projects\SampleProjectCollection> react-native run-android
Scanning 650 folders for symlinks in E:\Dailyhunt Projects\SampleProjectCollection\node_modules (34ms)
Starting JS server...
Building and installing the app on the device (cd android && gradlew.bat installDebug)...
Incremental java compilation is an incubating feature.
:app:preBuild UP-TO-DATE
:app:preDebugBuild UP-TO-DATE
:app:checkDebugManifest
:app:preReleaseBuild UP-TO-DATE
:app:prepareComAndroidSupportAppcompatV72301Library UP-TO-DATE
:app:prepareComAndroidSupportSupportV42301Library UP-TO-DATE
:app:prepareComFacebookFbuiTextlayoutbuilderTextlayoutbuilder100Library UP-TO-DATE
:app:prepareComFacebookFrescoDrawee130Library UP-TO-DATE
:app:prepareComFacebookFrescoFbcore130Library UP-TO-DATE
:app:prepareComFacebookFrescoFresco130Library UP-TO-DATE
:app:prepareComFacebookFrescoImagepipeline130Library UP-TO-DATE
:app:prepareComFacebookFrescoImagepipelineBase130Library UP-TO-DATE
:app:prepareComFacebookFrescoImagepipelineOkhttp3130Library UP-TO-DATE
:app:prepareComFacebookReactReactNative0484Library UP-TO-DATE
:app:prepareComFacebookSoloaderSoloader010Library UP-TO-DATE
:app:prepareOrgWebkitAndroidJscR174650Library UP-TO-DATE
:app:prepareDebugDependencies
:app:compileDebugAidl UP-TO-DATE
:app:compileDebugRenderscript UP-TO-DATE
:app:generateDebugBuildConfig UP-TO-DATE
:app:mergeDebugShaders UP-TO-DATE
:app:compileDebugShaders UP-TO-DATE
:app:generateDebugAssets UP-TO-DATE
:app:mergeDebugAssets UP-TO-DATE
:app:generateDebugResValues UP-TO-DATE
:app:generateDebugResources UP-TO-DATE
:app:mergeDebugResources UP-TO-DATE
:app:bundleDebugJsAndAssets SKIPPED
:app:processDebugManifest UP-TO-DATE
:app:processDebugResources UP-TO-DATE
:app:generateDebugSources UP-TO-DATE
:app:incrementalDebugJavaCompilationSafeguard UP-TO-DATE
:app:compileDebugJavaWithJavac UP-TO-DATE
:app:compileDebugNdk UP-TO-DATE
:app:compileDebugSources UP-TO-DATE
:app:transformClassesWithDexForDebug UP-TO-DATE
:app:mergeDebugJniLibFolders UP-TO-DATE
:app:transformNative_libsWithMergeJniLibsForDebug UP-TO-DATE
:app:processDebugJavaRes UP-TO-DATE
:app:transformResourcesWithMergeJavaResForDebug UP-TO-DATE
:app:validateSigningDebug
:app:packageDebug UP-TO-DATE
:app:assembleDebug UP-TO-DATE
:app:installDebug
Installing APK 'app-debug.apk' on 'XT1706 - 6.0' for app:debug
Installed on 1 device.

BUILD SUCCESSFUL

Total time: 30.595 secs
Running C:\Users\shivam.aditya\AppData\Local\Android\Sdk/platform-tools/adb -s HKE6GU2U reverse tcp:8081 tcp:8081
adb server version (32) doesn't match this client (39); killing...
* daemon started successfully *
Starting the app on HKE6GU2U (C:\Users\shivam.aditya\AppData\Local\Android\Sdk/platform-tools/adb -s HKE6GU2U shell am s
tart -n com.sampleprojectcollection/com.sampleprojectcollection.MainActivity)...
Starting: Intent { cmp=com.sampleprojectcollection/.MainActivity }
PS E:\Dailyhunt Projects\SampleProjectCollection> npm install react-native-htmlview --save
npm WARN native-base@2.3.2 requires a peer of react-native-vector-icons@~4.3.0 but none is installed. You must install p
eer dependencies yourself.
npm WARN react-native-looped-carousel@0.1.7 requires a peer of react@>=15.3.1 but none is installed. You must install pe
er dependencies yourself.
npm WARN optional SKIPPING OPTIONAL DEPENDENCY: fsevents@1.1.2 (node_modules\fsevents):
npm WARN notsup SKIPPING OPTIONAL DEPENDENCY: Unsupported platform for fsevents@1.1.2: wanted {"os":"darwin","arch":"any
"} (current: {"os":"win32","arch":"x64"})

+ react-native-htmlview@0.12.0
added 124 packages and removed 4 packages in 32.212s
PS E:\Dailyhunt Projects\SampleProjectCollection> react-native run-android
Scanning 658 folders for symlinks in E:\Dailyhunt Projects\SampleProjectCollection\node_modules (24ms)
Starting JS server...
Building and installing the app on the device (cd android && gradlew.bat installDebug)...
Incremental java compilation is an incubating feature.
:app:preBuild UP-TO-DATE
:app:preDebugBuild UP-TO-DATE
:app:checkDebugManifest
:app:preReleaseBuild UP-TO-DATE
:app:prepareComAndroidSupportAppcompatV72301Library UP-TO-DATE
:app:prepareComAndroidSupportSupportV42301Library UP-TO-DATE
:app:prepareComFacebookFbuiTextlayoutbuilderTextlayoutbuilder100Library UP-TO-DATE
:app:prepareComFacebookFrescoDrawee130Library UP-TO-DATE
:app:prepareComFacebookFrescoFbcore130Library UP-TO-DATE
:app:prepareComFacebookFrescoFresco130Library UP-TO-DATE
:app:prepareComFacebookFrescoImagepipeline130Library UP-TO-DATE
:app:prepareComFacebookFrescoImagepipelineBase130Library UP-TO-DATE
:app:prepareComFacebookFrescoImagepipelineOkhttp3130Library UP-TO-DATE
:app:prepareComFacebookReactReactNative0484Library UP-TO-DATE
:app:prepareComFacebookSoloaderSoloader010Library UP-TO-DATE
:app:prepareOrgWebkitAndroidJscR174650Library UP-TO-DATE
:app:prepareDebugDependencies
:app:compileDebugAidl UP-TO-DATE
:app:compileDebugRenderscript UP-TO-DATE
:app:generateDebugBuildConfig UP-TO-DATE
:app:mergeDebugShaders UP-TO-DATE
:app:compileDebugShaders UP-TO-DATE
:app:generateDebugAssets UP-TO-DATE
:app:mergeDebugAssets UP-TO-DATE
:app:generateDebugResValues UP-TO-DATE
:app:generateDebugResources UP-TO-DATE
:app:mergeDebugResources UP-TO-DATE
:app:bundleDebugJsAndAssets SKIPPED
:app:processDebugManifest UP-TO-DATE
:app:processDebugResources UP-TO-DATE
:app:generateDebugSources UP-TO-DATE
:app:incrementalDebugJavaCompilationSafeguard UP-TO-DATE
:app:compileDebugJavaWithJavac UP-TO-DATE
:app:compileDebugNdk UP-TO-DATE
:app:compileDebugSources UP-TO-DATE
:app:transformClassesWithDexForDebug UP-TO-DATE
:app:mergeDebugJniLibFolders UP-TO-DATE
:app:transformNative_libsWithMergeJniLibsForDebug UP-TO-DATE
:app:processDebugJavaRes UP-TO-DATE
:app:transformResourcesWithMergeJavaResForDebug UP-TO-DATE
:app:validateSigningDebug
:app:packageDebug UP-TO-DATE
:app:assembleDebug UP-TO-DATE
:app:installDebug
Installing APK 'app-debug.apk' on 'XT1706 - 6.0' for app:debug
Installed on 1 device.

BUILD SUCCESSFUL

Total time: 27.881 secs
Running C:\Users\shivam.aditya\AppData\Local\Android\Sdk/platform-tools/adb -s HKE6GU2U reverse tcp:8081 tcp:8081
adb server version (32) doesn't match this client (39); killing...
* daemon started successfully *
Starting the app on HKE6GU2U (C:\Users\shivam.aditya\AppData\Local\Android\Sdk/platform-tools/adb -s HKE6GU2U shell am s
tart -n com.sampleprojectcollection/com.sampleprojectcollection.MainActivity)...
Starting: Intent { cmp=com.sampleprojectcollection/.MainActivity }
PS E:\Dailyhunt Projects\SampleProjectCollection> react-native run-android
Scanning 658 folders for symlinks in E:\Dailyhunt Projects\SampleProjectCollection\node_modules (22ms)
Starting JS server...
Building and installing the app on the device (cd android && gradlew.bat installDebug)...
Incremental java compilation is an incubating feature.
:app:preBuild UP-TO-DATE
:app:preDebugBuild UP-TO-DATE
:app:checkDebugManifest
:app:preReleaseBuild UP-TO-DATE
:app:prepareComAndroidSupportAppcompatV72301Library UP-TO-DATE
:app:prepareComAndroidSupportSupportV42301Library UP-TO-DATE
:app:prepareComFacebookFbuiTextlayoutbuilderTextlayoutbuilder100Library UP-TO-DATE
:app:prepareComFacebookFrescoDrawee130Library UP-TO-DATE
:app:prepareComFacebookFrescoFbcore130Library UP-TO-DATE
:app:prepareComFacebookFrescoFresco130Library UP-TO-DATE
:app:prepareComFacebookFrescoImagepipeline130Library UP-TO-DATE
:app:prepareComFacebookFrescoImagepipelineBase130Library UP-TO-DATE
:app:prepareComFacebookFrescoImagepipelineOkhttp3130Library UP-TO-DATE
:app:prepareComFacebookReactReactNative0484Library UP-TO-DATE
:app:prepareComFacebookSoloaderSoloader010Library UP-TO-DATE
:app:prepareOrgWebkitAndroidJscR174650Library UP-TO-DATE
:app:prepareDebugDependencies
:app:compileDebugAidl UP-TO-DATE
:app:compileDebugRenderscript UP-TO-DATE
:app:generateDebugBuildConfig UP-TO-DATE
:app:mergeDebugShaders UP-TO-DATE
:app:compileDebugShaders UP-TO-DATE
:app:generateDebugAssets UP-TO-DATE
:app:mergeDebugAssets UP-TO-DATE
:app:generateDebugResValues UP-TO-DATE
:app:generateDebugResources UP-TO-DATE
:app:mergeDebugResources UP-TO-DATE
:app:bundleDebugJsAndAssets SKIPPED
:app:processDebugManifest UP-TO-DATE
:app:processDebugResources UP-TO-DATE
:app:generateDebugSources UP-TO-DATE
:app:incrementalDebugJavaCompilationSafeguard UP-TO-DATE
:app:compileDebugJavaWithJavac UP-TO-DATE
:app:compileDebugNdk UP-TO-DATE
:app:compileDebugSources UP-TO-DATE
:app:transformClassesWithDexForDebug UP-TO-DATE
:app:mergeDebugJniLibFolders UP-TO-DATE
:app:transformNative_libsWithMergeJniLibsForDebug UP-TO-DATE
:app:processDebugJavaRes UP-TO-DATE
:app:transformResourcesWithMergeJavaResForDebug UP-TO-DATE
:app:validateSigningDebug
:app:packageDebug UP-TO-DATE
:app:assembleDebug UP-TO-DATE
:app:installDebug
Installing APK 'app-debug.apk' on 'XT1706 - 6.0' for app:debug
Installed on 1 device.

BUILD SUCCESSFUL

Total time: 28.107 secs
Running C:\Users\shivam.aditya\AppData\Local\Android\Sdk/platform-tools/adb -s HKE6GU2U reverse tcp:8081 tcp:8081
adb server version (32) doesn't match this client (39); killing...
* daemon started successfully *
Starting the app on HKE6GU2U (C:\Users\shivam.aditya\AppData\Local\Android\Sdk/platform-tools/adb -s HKE6GU2U shell am s
tart -n com.sampleprojectcollection/com.sampleprojectcollection.MainActivity)...
Starting: Intent { cmp=com.sampleprojectcollection/.MainActivity }
PS E:\Dailyhunt Projects\SampleProjectCollection> react-native run-android
Scanning 658 folders for symlinks in E:\Dailyhunt Projects\SampleProjectCollection\node_modules (32ms)
Starting JS server...
Building and installing the app on the device (cd android && gradlew.bat installDebug)...
Incremental java compilation is an incubating feature.
:app:preBuild UP-TO-DATE
:app:preDebugBuild UP-TO-DATE
:app:checkDebugManifest
:app:preReleaseBuild UP-TO-DATE
:app:prepareComAndroidSupportAppcompatV72301Library UP-TO-DATE
:app:prepareComAndroidSupportSupportV42301Library UP-TO-DATE
:app:prepareComFacebookFbuiTextlayoutbuilderTextlayoutbuilder100Library UP-TO-DATE
:app:prepareComFacebookFrescoDrawee130Library UP-TO-DATE
:app:prepareComFacebookFrescoFbcore130Library UP-TO-DATE
:app:prepareComFacebookFrescoFresco130Library UP-TO-DATE
:app:prepareComFacebookFrescoImagepipeline130Library UP-TO-DATE
:app:prepareComFacebookFrescoImagepipelineBase130Library UP-TO-DATE
:app:prepareComFacebookFrescoImagepipelineOkhttp3130Library UP-TO-DATE
:app:prepareComFacebookReactReactNative0484Library UP-TO-DATE
:app:prepareComFacebookSoloaderSoloader010Library UP-TO-DATE
:app:prepareOrgWebkitAndroidJscR174650Library UP-TO-DATE
:app:prepareDebugDependencies
:app:compileDebugAidl UP-TO-DATE
:app:compileDebugRenderscript UP-TO-DATE
:app:generateDebugBuildConfig UP-TO-DATE
:app:mergeDebugShaders UP-TO-DATE
:app:compileDebugShaders UP-TO-DATE
:app:generateDebugAssets UP-TO-DATE
:app:mergeDebugAssets UP-TO-DATE
:app:generateDebugResValues UP-TO-DATE
:app:generateDebugResources UP-TO-DATE
:app:mergeDebugResources UP-TO-DATE
:app:bundleDebugJsAndAssets SKIPPED
:app:processDebugManifest UP-TO-DATE
:app:processDebugResources UP-TO-DATE
:app:generateDebugSources UP-TO-DATE
:app:incrementalDebugJavaCompilationSafeguard UP-TO-DATE
:app:compileDebugJavaWithJavac UP-TO-DATE
:app:compileDebugNdk UP-TO-DATE
:app:compileDebugSources UP-TO-DATE
:app:transformClassesWithDexForDebug UP-TO-DATE
:app:mergeDebugJniLibFolders UP-TO-DATE
:app:transformNative_libsWithMergeJniLibsForDebug UP-TO-DATE
:app:processDebugJavaRes UP-TO-DATE
:app:transformResourcesWithMergeJavaResForDebug UP-TO-DATE
:app:validateSigningDebug
:app:packageDebug UP-TO-DATE
:app:assembleDebug UP-TO-DATE
:app:installDebug
Installing APK 'app-debug.apk' on 'XT1706 - 6.0' for app:debug
Installed on 1 device.

BUILD SUCCESSFUL

Total time: 26.963 secs
Running C:\Users\shivam.aditya\AppData\Local\Android\Sdk/platform-tools/adb -s HKE6GU2U reverse tcp:8081 tcp:8081
adb server version (32) doesn't match this client (39); killing...
* daemon started successfully *
Starting the app on HKE6GU2U (C:\Users\shivam.aditya\AppData\Local\Android\Sdk/platform-tools/adb -s HKE6GU2U shell am s
tart -n com.sampleprojectcollection/com.sampleprojectcollection.MainActivity)...
Starting: Intent { cmp=com.sampleprojectcollection/.MainActivity }
PS E:\Dailyhunt Projects\SampleProjectCollection> react-native run-android
Scanning 658 folders for symlinks in E:\Dailyhunt Projects\SampleProjectCollection\node_modules (252ms)
Starting JS server...
Building and installing the app on the device (cd android && gradlew.bat installDebug)...
Starting a Gradle Daemon, 1 stopped Daemon could not be reused, use --status for details
NDK is missing a "platforms" directory.
If you are using NDK, verify the ndk.dir is set to a valid NDK directory.  It is currently set to C:\Users\shivam.aditya
\AppData\Local\Android\Sdk\ndk-bundle.
If you are not using NDK, unset the NDK variable from ANDROID_NDK_HOME or local.properties to remove this warning.

Incremental java compilation is an incubating feature.
:app:preBuild UP-TO-DATE
:app:preDebugBuild UP-TO-DATE
:app:checkDebugManifest
:app:preReleaseBuild UP-TO-DATE
:app:prepareComAndroidSupportAppcompatV72301Library
:app:prepareComAndroidSupportSupportV42301Library
:app:prepareComFacebookFbuiTextlayoutbuilderTextlayoutbuilder100Library
:app:prepareComFacebookFrescoDrawee130Library
:app:prepareComFacebookFrescoFbcore130Library
:app:prepareComFacebookFrescoFresco130Library
:app:prepareComFacebookFrescoImagepipeline130Library
:app:prepareComFacebookFrescoImagepipelineBase130Library
:app:prepareComFacebookFrescoImagepipelineOkhttp3130Library
:app:prepareComFacebookReactReactNative0484Library
:app:prepareComFacebookSoloaderSoloader010Library
:app:prepareOrgWebkitAndroidJscR174650Library
:app:prepareDebugDependencies
:app:compileDebugAidl
:app:compileDebugRenderscript
:app:generateDebugBuildConfig FAILED

FAILURE: Build failed with an exception.

* What went wrong:
Execution failed for task ':app:generateDebugBuildConfig'.
> java.io.IOException: Could not delete path 'E:\Dailyhunt Projects\SampleProjectCollection\android\app\build\generated\
source\buildConfig\debug\com'.

* Try:
Run with --stacktrace option to get the stack trace. Run with --info or --debug option to get more log output.

BUILD FAILED

Total time: 30.571 secs
Could not install the app on the device, read the error above for details.
Make sure you have an Android emulator running or a device connected and have
set up your Android development environment:
https://facebook.github.io/react-native/docs/android-setup.html
PS E:\Dailyhunt Projects\SampleProjectCollection> react-native run-android
Scanning 658 folders for symlinks in E:\Dailyhunt Projects\SampleProjectCollection\node_modules (27ms)
Starting JS server...
Building and installing the app on the device (cd android && gradlew.bat installDebug)...
NDK is missing a "platforms" directory.ject > Resolving dependencies ':classpath'
If you are using NDK, verify the ndk.dir is set to a valid NDK directory.  It is currently set to C:\Users\shivam.aditya
\AppData\Local\Android\Sdk\ndk-bundle.
If you are not using NDK, unset the NDK variable from ANDROID_NDK_HOME or local.properties to remove this warning.

Incremental java compilation is an incubating feature.
:app:preBuild UP-TO-DATE
:app:preDebugBuild UP-TO-DATE
:app:checkDebugManifest
:app:preReleaseBuild UP-TO-DATE
:app:prepareComAndroidSupportAppcompatV72301Library
:app:prepareComAndroidSupportSupportV42301Library
:app:prepareComFacebookFbuiTextlayoutbuilderTextlayoutbuilder100Library
:app:prepareComFacebookFrescoDrawee130Library
:app:prepareComFacebookFrescoFbcore130Library
:app:prepareComFacebookFrescoFresco130Library
:app:prepareComFacebookFrescoImagepipeline130Library
:app:prepareComFacebookFrescoImagepipelineBase130Library
:app:prepareComFacebookFrescoImagepipelineOkhttp3130Library
:app:prepareComFacebookReactReactNative0484Library
:app:prepareComFacebookSoloaderSoloader010Library
:app:prepareOrgWebkitAndroidJscR174650Library
:app:prepareDebugDependencies
:app:compileDebugAidl UP-TO-DATE
:app:compileDebugRenderscript UP-TO-DATE
:app:generateDebugBuildConfig
:app:mergeDebugShaders
:app:compileDebugShaders
:app:generateDebugAssets
:app:mergeDebugAssets
:app:generateDebugResValues
:app:generateDebugResources
:app:mergeDebugResources
:app:bundleDebugJsAndAssets SKIPPED
:app:processDebugManifest
:app:processDebugResources
:app:generateDebugSources
:app:incrementalDebugJavaCompilationSafeguard
:app:javaPreCompileDebug
:app:compileDebugJavaWithJavac
:app:compileDebugJavaWithJavac - is not incremental (e.g. outputs have changed, no previous execution, etc.).
:app:compileDebugNdk UP-TO-DATE
:app:compileDebugSources
:app:transformClassesWithDexForDebug FAILED

FAILURE: Build failed with an exception.

* What went wrong:
Execution failed for task ':app:transformClassesWithDexForDebug'.
> java.io.IOException: Could not delete path 'E:\Dailyhunt Projects\SampleProjectCollection\android\app\build\intermedia
tes\transforms\dex\debug\folders'.

* Try:
Run with --stacktrace option to get the stack trace. Run with --info or --debug option to get more log output.

BUILD FAILED

Total time: 17.168 secs
Could not install the app on the device, read the error above for details.
Make sure you have an Android emulator running or a device connected and have
set up your Android development environment:
https://facebook.github.io/react-native/docs/android-setup.html
PS E:\Dailyhunt Projects\SampleProjectCollection> react-native run-android
Scanning 658 folders for symlinks in E:\Dailyhunt Projects\SampleProjectCollection\node_modules (28ms)
Starting JS server...
Building and installing the app on the device (cd android && gradlew.bat installDebug)...
NDK is missing a "platforms" directory.
If you are using NDK, verify the ndk.dir is set to a valid NDK directory.  It is currently set to C:\Users\shivam.aditya
\AppData\Local\Android\Sdk\ndk-bundle.
If you are not using NDK, unset the NDK variable from ANDROID_NDK_HOME or local.properties to remove this warning.

Incremental java compilation is an incubating feature.
:app:preBuild UP-TO-DATE
:app:preDebugBuild UP-TO-DATE
:app:checkDebugManifest
:app:preReleaseBuild UP-TO-DATE
:app:prepareComAndroidSupportAppcompatV72301Library
:app:prepareComAndroidSupportSupportV42301Library
:app:prepareComFacebookFbuiTextlayoutbuilderTextlayoutbuilder100Library
:app:prepareComFacebookFrescoDrawee130Library
:app:prepareComFacebookFrescoFbcore130Library
:app:prepareComFacebookFrescoFresco130Library
:app:prepareComFacebookFrescoImagepipeline130Library
:app:prepareComFacebookFrescoImagepipelineBase130Library
:app:prepareComFacebookFrescoImagepipelineOkhttp3130Library
:app:prepareComFacebookReactReactNative0484Library
:app:prepareComFacebookSoloaderSoloader010Library
:app:prepareOrgWebkitAndroidJscR174650Library
:app:prepareDebugDependencies
:app:compileDebugAidl UP-TO-DATE
:app:compileDebugRenderscript UP-TO-DATE
:app:generateDebugBuildConfig UP-TO-DATE
:app:mergeDebugShaders UP-TO-DATE
:app:compileDebugShaders UP-TO-DATE
:app:generateDebugAssets UP-TO-DATE
:app:mergeDebugAssets UP-TO-DATE
:app:generateDebugResValues UP-TO-DATE
:app:generateDebugResources UP-TO-DATE
:app:mergeDebugResources UP-TO-DATE
:app:bundleDebugJsAndAssets SKIPPED
:app:processDebugManifest UP-TO-DATE
:app:processDebugResources UP-TO-DATE
:app:generateDebugSources UP-TO-DATE
:app:incrementalDebugJavaCompilationSafeguard UP-TO-DATE
:app:javaPreCompileDebug
:app:compileDebugJavaWithJavac UP-TO-DATE
:app:compileDebugNdk UP-TO-DATE
:app:compileDebugSources UP-TO-DATE
:app:transformClassesWithDexForDebug

Running dex as a separate process.

To run dex in process, the Gradle daemon needs a larger heap.
It currently has 1024 MB.
For faster builds, increase the maximum heap size for the Gradle daemon to at least 1536 MB.
To do this set org.gradle.jvmargs=-Xmx1536M in the project gradle.properties.
For more information see https://docs.gradle.org/current/userguide/build_environment.html

:app:mergeDebugJniLibFolders
:app:transformNativeLibsWithMergeJniLibsForDebug
:app:processDebugJavaRes UP-TO-DATE
:app:transformResourcesWithMergeJavaResForDebug
:app:validateSigningDebug
:app:packageDebug
:app:assembleDebug
:app:installDebug
Installing APK 'app-debug.apk' on 'XT1706 - 6.0' for app:debug
Installed on 1 device.

BUILD SUCCESSFUL

Total time: 32.327 secs
Running C:\Users\shivam.aditya\AppData\Local\Android\Sdk/platform-tools/adb -s HKE6GU2U reverse tcp:8081 tcp:8081
adb server version (32) doesn't match this client (39); killing...
* daemon started successfully *
Starting the app on HKE6GU2U (C:\Users\shivam.aditya\AppData\Local\Android\Sdk/platform-tools/adb -s HKE6GU2U shell am s
tart -n com.sampleprojectcollection/com.sampleprojectcollection.MainActivity)...
Starting: Intent { cmp=com.sampleprojectcollection/.MainActivity }
PS E:\Dailyhunt Projects\SampleProjectCollection> react-native run-android
Scanning 658 folders for symlinks in E:\Dailyhunt Projects\SampleProjectCollection\node_modules (29ms)
Starting JS server...
Building and installing the app on the device (cd android && gradlew.bat installDebug)...
Starting a Gradle Daemon, 1 incompatible and 2 stopped Daemons could not be reused, use --status for details
NDK is missing a "platforms" directory.
If you are using NDK, verify the ndk.dir is set to a valid NDK directory.  It is currently set to C:\Users\shivam.aditya
\AppData\Local\Android\Sdk\ndk-bundle.
If you are not using NDK, unset the NDK variable from ANDROID_NDK_HOME or local.properties to remove this warning.

Incremental java compilation is an incubating feature.
:app:preBuild UP-TO-DATE
:app:preDebugBuild UP-TO-DATE
:app:checkDebugManifest
:app:preReleaseBuild UP-TO-DATE
:app:prepareComAndroidSupportAppcompatV72301Library
:app:prepareComAndroidSupportSupportV42301Library
:app:prepareComFacebookFbuiTextlayoutbuilderTextlayoutbuilder100Library
:app:prepareComFacebookFrescoDrawee130Library
:app:prepareComFacebookFrescoFbcore130Library
:app:prepareComFacebookFrescoFresco130Library
:app:prepareComFacebookFrescoImagepipeline130Library
:app:prepareComFacebookFrescoImagepipelineBase130Library
:app:prepareComFacebookFrescoImagepipelineOkhttp3130Library
:app:prepareComFacebookReactReactNative0484Library
:app:prepareComFacebookSoloaderSoloader010Library
:app:prepareOrgWebkitAndroidJscR174650Library
:app:prepareDebugDependencies
:app:compileDebugAidl
:app:compileDebugRenderscript
:app:generateDebugBuildConfig
:app:mergeDebugShaders UP-TO-DATE
:app:compileDebugShaders UP-TO-DATE
:app:generateDebugAssets UP-TO-DATE
:app:mergeDebugAssets UP-TO-DATE
:app:generateDebugResValues
:app:generateDebugResources
:app:mergeDebugResources
:app:bundleDebugJsAndAssets SKIPPED
:app:processDebugManifest
:app:processDebugResources FAILED

FAILURE: Build failed with an exception.

* What went wrong:
Execution failed for task ':app:processDebugResources'.
> java.io.IOException: Could not delete path 'E:\Dailyhunt Projects\SampleProjectCollection\android\app\build\generated\
source\r\debug\android'.

* Try:
Run with --stacktrace option to get the stack trace. Run with --info or --debug option to get more log output.

BUILD FAILED

Total time: 17.198 secs
Could not install the app on the device, read the error above for details.
Make sure you have an Android emulator running or a device connected and have
set up your Android development environment:
https://facebook.github.io/react-native/docs/android-setup.html
PS E:\Dailyhunt Projects\SampleProjectCollection> react-native run-android
Scanning 658 folders for symlinks in E:\Dailyhunt Projects\SampleProjectCollection\node_modules (25ms)
Starting JS server...
Building and installing the app on the device (cd android && gradlew.bat installDebug)...
NDK is missing a "platforms" directory.ject
If you are using NDK, verify the ndk.dir is set to a valid NDK directory.  It is currently set to C:\Users\shivam.aditya
\AppData\Local\Android\Sdk\ndk-bundle.
If you are not using NDK, unset the NDK variable from ANDROID_NDK_HOME or local.properties to remove this warning.

Incremental java compilation is an incubating feature.
:app:preBuild UP-TO-DATE
:app:preDebugBuild UP-TO-DATE
:app:checkDebugManifest
:app:preReleaseBuild UP-TO-DATE
:app:prepareComAndroidSupportAppcompatV72301Library
:app:prepareComAndroidSupportSupportV42301Library
:app:prepareComFacebookFbuiTextlayoutbuilderTextlayoutbuilder100Library
:app:prepareComFacebookFrescoDrawee130Library
:app:prepareComFacebookFrescoFbcore130Library
:app:prepareComFacebookFrescoFresco130Library
:app:prepareComFacebookFrescoImagepipeline130Library
:app:prepareComFacebookFrescoImagepipelineBase130Library
:app:prepareComFacebookFrescoImagepipelineOkhttp3130Library
:app:prepareComFacebookReactReactNative0484Library
:app:prepareComFacebookSoloaderSoloader010Library
:app:prepareOrgWebkitAndroidJscR174650Library
:app:prepareDebugDependencies
:app:compileDebugAidl UP-TO-DATE
:app:compileDebugRenderscript UP-TO-DATE
:app:generateDebugBuildConfig UP-TO-DATE
:app:mergeDebugShaders UP-TO-DATE
:app:compileDebugShaders UP-TO-DATE
:app:generateDebugAssets UP-TO-DATE
:app:mergeDebugAssets UP-TO-DATE
:app:generateDebugResValues UP-TO-DATE
:app:generateDebugResources UP-TO-DATE
:app:mergeDebugResources UP-TO-DATE
:app:bundleDebugJsAndAssets SKIPPED
:app:processDebugManifest UP-TO-DATE
:app:processDebugResources
:app:generateDebugSources
:app:incrementalDebugJavaCompilationSafeguard UP-TO-DATE
:app:javaPreCompileDebug
:app:compileDebugJavaWithJavac UP-TO-DATE
:app:compileDebugNdk UP-TO-DATE
:app:compileDebugSources UP-TO-DATE
:app:transformClassesWithDexForDebug UP-TO-DATE
:app:mergeDebugJniLibFolders UP-TO-DATE
:app:transformNativeLibsWithMergeJniLibsForDebug UP-TO-DATE
:app:processDebugJavaRes UP-TO-DATE
:app:transformResourcesWithMergeJavaResForDebug UP-TO-DATE
:app:validateSigningDebug
:app:packageDebug UP-TO-DATE
:app:assembleDebug UP-TO-DATE
:app:installDebug
Installing APK 'app-debug.apk' on 'XT1706 - 6.0' for app:debug
Installed on 1 device.

BUILD SUCCESSFUL

Total time: 22.222 secs
Running C:\Users\shivam.aditya\AppData\Local\Android\Sdk/platform-tools/adb -s HKE6GU2U reverse tcp:8081 tcp:8081
adb server version (32) doesn't match this client (39); killing...
* daemon started successfully *
Starting the app on HKE6GU2U (C:\Users\shivam.aditya\AppData\Local\Android\Sdk/platform-tools/adb -s HKE6GU2U shell am s
tart -n com.sampleprojectcollection/com.sampleprojectcollection.MainActivity)...
Starting: Intent { cmp=com.sampleprojectcollection/.MainActivity }
PS E:\Dailyhunt Projects\SampleProjectCollection> react-native run-android
Scanning 658 folders for symlinks in E:\Dailyhunt Projects\SampleProjectCollection\node_modules (29ms)
Starting JS server...
Building and installing the app on the device (cd android && gradlew.bat installDebug)...
NDK is missing a "platforms" directory.ject
If you are using NDK, verify the ndk.dir is set to a valid NDK directory.  It is currently set to C:\Users\shivam.aditya
\AppData\Local\Android\Sdk\ndk-bundle.
If you are not using NDK, unset the NDK variable from ANDROID_NDK_HOME or local.properties to remove this warning.

Incremental java compilation is an incubating feature.
:app:preBuild UP-TO-DATE
:app:preDebugBuild UP-TO-DATE
:app:checkDebugManifest
:app:preReleaseBuild UP-TO-DATE
:app:prepareComAndroidSupportAppcompatV72301Library
:app:prepareComAndroidSupportSupportV42301Library
:app:prepareComFacebookFbuiTextlayoutbuilderTextlayoutbuilder100Library
:app:prepareComFacebookFrescoDrawee130Library
:app:prepareComFacebookFrescoFbcore130Library
:app:prepareComFacebookFrescoFresco130Library
:app:prepareComFacebookFrescoImagepipeline130Library
:app:prepareComFacebookFrescoImagepipelineBase130Library
:app:prepareComFacebookFrescoImagepipelineOkhttp3130Library
:app:prepareComFacebookReactReactNative0484Library
:app:prepareComFacebookSoloaderSoloader010Library
:app:prepareOrgWebkitAndroidJscR174650Library
:app:prepareDebugDependencies
:app:compileDebugAidl UP-TO-DATE
:app:compileDebugRenderscript UP-TO-DATE
:app:generateDebugBuildConfig UP-TO-DATE
:app:mergeDebugShaders UP-TO-DATE
:app:compileDebugShaders UP-TO-DATE
:app:generateDebugAssets UP-TO-DATE
:app:mergeDebugAssets UP-TO-DATE
:app:generateDebugResValues UP-TO-DATE
:app:generateDebugResources UP-TO-DATE
:app:mergeDebugResources
:app:bundleDebugJsAndAssets SKIPPED
:app:processDebugManifest UP-TO-DATE
:app:processDebugResources
:app:generateDebugSources
:app:incrementalDebugJavaCompilationSafeguard UP-TO-DATE
:app:javaPreCompileDebug
:app:compileDebugJavaWithJavac UP-TO-DATE
:app:compileDebugNdk UP-TO-DATE
:app:compileDebugSources UP-TO-DATE
:app:transformClassesWithDexForDebug UP-TO-DATE
:app:mergeDebugJniLibFolders UP-TO-DATE
:app:transformNativeLibsWithMergeJniLibsForDebug UP-TO-DATE
:app:processDebugJavaRes UP-TO-DATE
:app:transformResourcesWithMergeJavaResForDebug UP-TO-DATE
:app:validateSigningDebug
:app:packageDebug
:app:assembleDebug
:app:installDebug
Installing APK 'app-debug.apk' on 'XT1706 - 6.0' for app:debug
Installed on 1 device.

BUILD SUCCESSFUL

Total time: 24.9 secs
Running C:\Users\shivam.aditya\AppData\Local\Android\Sdk/platform-tools/adb -s HKE6GU2U reverse tcp:8081 tcp:8081
adb server version (32) doesn't match this client (39); killing...
* daemon started successfully *
Starting the app on HKE6GU2U (C:\Users\shivam.aditya\AppData\Local\Android\Sdk/platform-tools/adb -s HKE6GU2U shell am s
tart -n com.sampleprojectcollection/com.sampleprojectcollection.MainActivity)...
Starting: Intent { cmp=com.sampleprojectcollection/.MainActivity }
PS E:\Dailyhunt Projects\SampleProjectCollection> react-native run-android
Scanning 658 folders for symlinks in E:\Dailyhunt Projects\SampleProjectCollection\node_modules (21ms)
Starting JS server...
Building and installing the app on the device (cd android && gradlew.bat installDebug)...
NDK is missing a "platforms" directory.
If you are using NDK, verify the ndk.dir is set to a valid NDK directory.  It is currently set to C:\Users\shivam.aditya
\AppData\Local\Android\Sdk\ndk-bundle.
If you are not using NDK, unset the NDK variable from ANDROID_NDK_HOME or local.properties to remove this warning.

Incremental java compilation is an incubating feature.
:app:preBuild UP-TO-DATE
:app:preDebugBuild UP-TO-DATE
:app:checkDebugManifest
:app:preReleaseBuild UP-TO-DATE
:app:prepareComAndroidSupportAppcompatV72301Library
:app:prepareComAndroidSupportSupportV42301Library
:app:prepareComFacebookFbuiTextlayoutbuilderTextlayoutbuilder100Library
:app:prepareComFacebookFrescoDrawee130Library
:app:prepareComFacebookFrescoFbcore130Library
:app:prepareComFacebookFrescoFresco130Library
:app:prepareComFacebookFrescoImagepipeline130Library
:app:prepareComFacebookFrescoImagepipelineBase130Library
:app:prepareComFacebookFrescoImagepipelineOkhttp3130Library
:app:prepareComFacebookReactReactNative0484Library
:app:prepareComFacebookSoloaderSoloader010Library
:app:prepareOrgWebkitAndroidJscR174650Library
:app:prepareDebugDependencies
:app:compileDebugAidl UP-TO-DATE
:app:compileDebugRenderscript UP-TO-DATE
:app:generateDebugBuildConfig UP-TO-DATE
:app:mergeDebugShaders UP-TO-DATE
:app:compileDebugShaders UP-TO-DATE
:app:generateDebugAssets UP-TO-DATE
:app:mergeDebugAssets UP-TO-DATE
:app:generateDebugResValues UP-TO-DATE
:app:generateDebugResources UP-TO-DATE
:app:mergeDebugResources UP-TO-DATE
:app:bundleDebugJsAndAssets SKIPPED
:app:processDebugManifest UP-TO-DATE
:app:processDebugResources UP-TO-DATE
:app:generateDebugSources UP-TO-DATE
:app:incrementalDebugJavaCompilationSafeguard UP-TO-DATE
:app:javaPreCompileDebug
:app:compileDebugJavaWithJavac UP-TO-DATE
:app:compileDebugNdk UP-TO-DATE
:app:compileDebugSources UP-TO-DATE
:app:transformClassesWithDexForDebug UP-TO-DATE
:app:mergeDebugJniLibFolders UP-TO-DATE
:app:transformNativeLibsWithMergeJniLibsForDebug UP-TO-DATE
:app:processDebugJavaRes UP-TO-DATE
:app:transformResourcesWithMergeJavaResForDebug UP-TO-DATE
:app:validateSigningDebug
:app:packageDebug UP-TO-DATE
:app:assembleDebug UP-TO-DATE
:app:installDebug
Installing APK 'app-debug.apk' on 'XT1706 - 6.0' for app:debug
Installed on 1 device.

BUILD SUCCESSFUL

Total time: 19.72 secs
Running C:\Users\shivam.aditya\AppData\Local\Android\Sdk/platform-tools/adb -s HKE6GU2U reverse tcp:8081 tcp:8081
adb server version (32) doesn't match this client (39); killing...
* daemon started successfully *
Starting the app on HKE6GU2U (C:\Users\shivam.aditya\AppData\Local\Android\Sdk/platform-tools/adb -s HKE6GU2U shell am s
tart -n com.sampleprojectcollection/com.sampleprojectcollection.MainActivity)...
Starting: Intent { cmp=com.sampleprojectcollection/.MainActivity }
PS E:\Dailyhunt Projects\SampleProjectCollection> react-native run-android
Scanning 658 folders for symlinks in E:\Dailyhunt Projects\SampleProjectCollection\node_modules (29ms)
Starting JS server...
Building and installing the app on the device (cd android && gradlew.bat installDebug)...
NDK is missing a "platforms" directory.ject
If you are using NDK, verify the ndk.dir is set to a valid NDK directory.  It is currently set to C:\Users\shivam.aditya
\AppData\Local\Android\Sdk\ndk-bundle.
If you are not using NDK, unset the NDK variable from ANDROID_NDK_HOME or local.properties to remove this warning.

Incremental java compilation is an incubating feature.
:app:preBuild UP-TO-DATE
:app:preDebugBuild UP-TO-DATE
:app:checkDebugManifest
:app:preReleaseBuild UP-TO-DATE
:app:prepareComAndroidSupportAppcompatV72301Library
:app:prepareComAndroidSupportSupportV42301Library
:app:prepareComFacebookFbuiTextlayoutbuilderTextlayoutbuilder100Library
:app:prepareComFacebookFrescoDrawee130Library
:app:prepareComFacebookFrescoFbcore130Library
:app:prepareComFacebookFrescoFresco130Library
:app:prepareComFacebookFrescoImagepipeline130Library
:app:prepareComFacebookFrescoImagepipelineBase130Library
:app:prepareComFacebookFrescoImagepipelineOkhttp3130Library
:app:prepareComFacebookReactReactNative0484Library
:app:prepareComFacebookSoloaderSoloader010Library
:app:prepareOrgWebkitAndroidJscR174650Library
:app:prepareDebugDependencies
:app:compileDebugAidl UP-TO-DATE
:app:compileDebugRenderscript UP-TO-DATE
:app:generateDebugBuildConfig UP-TO-DATE
:app:mergeDebugShaders UP-TO-DATE
:app:compileDebugShaders UP-TO-DATE
:app:generateDebugAssets UP-TO-DATE
:app:mergeDebugAssets UP-TO-DATE
:app:generateDebugResValues UP-TO-DATE
:app:generateDebugResources UP-TO-DATE
:app:mergeDebugResources UP-TO-DATE
:app:bundleDebugJsAndAssets SKIPPED
:app:processDebugManifest UP-TO-DATE
:app:processDebugResources UP-TO-DATE
:app:generateDebugSources UP-TO-DATE
:app:incrementalDebugJavaCompilationSafeguard UP-TO-DATE
:app:javaPreCompileDebug
:app:compileDebugJavaWithJavac UP-TO-DATE
:app:compileDebugNdk UP-TO-DATE
:app:compileDebugSources UP-TO-DATE
:app:transformClassesWithDexForDebug UP-TO-DATE
:app:mergeDebugJniLibFolders UP-TO-DATE
:app:transformNativeLibsWithMergeJniLibsForDebug UP-TO-DATE
:app:processDebugJavaRes UP-TO-DATE
:app:transformResourcesWithMergeJavaResForDebug UP-TO-DATE
:app:validateSigningDebug
:app:packageDebug UP-TO-DATE
:app:assembleDebug UP-TO-DATE
:app:installDebug
Installing APK 'app-debug.apk' on 'XT1706 - 6.0' for app:debug
Installed on 1 device.

BUILD SUCCESSFUL

Total time: 18.653 secs
Running C:\Users\shivam.aditya\AppData\Local\Android\Sdk/platform-tools/adb -s HKE6GU2U reverse tcp:8081 tcp:8081
adb server version (32) doesn't match this client (39); killing...
* daemon started successfully *
Starting the app on HKE6GU2U (C:\Users\shivam.aditya\AppData\Local\Android\Sdk/platform-tools/adb -s HKE6GU2U shell am s
tart -n com.sampleprojectcollection/com.sampleprojectcollection.MainActivity)...
Starting: Intent { cmp=com.sampleprojectcollection/.MainActivity }
PS E:\Dailyhunt Projects\SampleProjectCollection> react-native run-android
Scanning 658 folders for symlinks in E:\Dailyhunt Projects\SampleProjectCollection\node_modules (21ms)
Starting JS server...
Building and installing the app on the device (cd android && gradlew.bat installDebug)...
NDK is missing a "platforms" directory.
If you are using NDK, verify the ndk.dir is set to a valid NDK directory.  It is currently set to C:\Users\shivam.aditya
\AppData\Local\Android\Sdk\ndk-bundle.
If you are not using NDK, unset the NDK variable from ANDROID_NDK_HOME or local.properties to remove this warning.

Incremental java compilation is an incubating feature.
:app:preBuild UP-TO-DATE
:app:preDebugBuild UP-TO-DATE
:app:checkDebugManifest
:app:preReleaseBuild UP-TO-DATE
:app:prepareComAndroidSupportAppcompatV72301Library
:app:prepareComAndroidSupportSupportV42301Library
:app:prepareComFacebookFbuiTextlayoutbuilderTextlayoutbuilder100Library
:app:prepareComFacebookFrescoDrawee130Library
:app:prepareComFacebookFrescoFbcore130Library
:app:prepareComFacebookFrescoFresco130Library
:app:prepareComFacebookFrescoImagepipeline130Library
:app:prepareComFacebookFrescoImagepipelineBase130Library
:app:prepareComFacebookFrescoImagepipelineOkhttp3130Library
:app:prepareComFacebookReactReactNative0484Library
:app:prepareComFacebookSoloaderSoloader010Library
:app:prepareOrgWebkitAndroidJscR174650Library
:app:prepareDebugDependencies
:app:compileDebugAidl UP-TO-DATE
:app:compileDebugRenderscript UP-TO-DATE
:app:generateDebugBuildConfig UP-TO-DATE
:app:mergeDebugShaders UP-TO-DATE
:app:compileDebugShaders UP-TO-DATE
:app:generateDebugAssets UP-TO-DATE
:app:mergeDebugAssets UP-TO-DATE
:app:generateDebugResValues UP-TO-DATE
:app:generateDebugResources UP-TO-DATE
:app:mergeDebugResources UP-TO-DATE
:app:bundleDebugJsAndAssets SKIPPED
:app:processDebugManifest UP-TO-DATE
:app:processDebugResources UP-TO-DATE
:app:generateDebugSources UP-TO-DATE
:app:incrementalDebugJavaCompilationSafeguard UP-TO-DATE
:app:javaPreCompileDebug
:app:compileDebugJavaWithJavac UP-TO-DATE
:app:compileDebugNdk UP-TO-DATE
:app:compileDebugSources UP-TO-DATE
:app:transformClassesWithDexForDebug UP-TO-DATE
:app:mergeDebugJniLibFolders UP-TO-DATE
:app:transformNativeLibsWithMergeJniLibsForDebug UP-TO-DATE
:app:processDebugJavaRes UP-TO-DATE
:app:transformResourcesWithMergeJavaResForDebug UP-TO-DATE
:app:validateSigningDebug
:app:packageDebug UP-TO-DATE
:app:assembleDebug UP-TO-DATE
:app:installDebug
Installing APK 'app-debug.apk' on 'XT1706 - 6.0' for app:debug
Installed on 1 device.

BUILD SUCCESSFUL

Total time: 18.464 secs
Running C:\Users\shivam.aditya\AppData\Local\Android\Sdk/platform-tools/adb -s HKE6GU2U reverse tcp:8081 tcp:8081
adb server version (32) doesn't match this client (39); killing...
* daemon started successfully *
Starting the app on HKE6GU2U (C:\Users\shivam.aditya\AppData\Local\Android\Sdk/platform-tools/adb -s HKE6GU2U shell am s
tart -n com.sampleprojectcollection/com.sampleprojectcollection.MainActivity)...
Starting: Intent { cmp=com.sampleprojectcollection/.MainActivity }
PS E:\Dailyhunt Projects\SampleProjectCollection> react-native run-android
Scanning 658 folders for symlinks in E:\Dailyhunt Projects\SampleProjectCollection\node_modules (28ms)
Starting JS server...
Building and installing the app on the device (cd android && gradlew.bat installDebug)...
NDK is missing a "platforms" directory.ject
If you are using NDK, verify the ndk.dir is set to a valid NDK directory.  It is currently set to C:\Users\shivam.aditya
\AppData\Local\Android\Sdk\ndk-bundle.
If you are not using NDK, unset the NDK variable from ANDROID_NDK_HOME or local.properties to remove this warning.

Incremental java compilation is an incubating feature.
:app:preBuild UP-TO-DATE
:app:preDebugBuild UP-TO-DATE
:app:checkDebugManifest
:app:preReleaseBuild UP-TO-DATE
:app:prepareComAndroidSupportAppcompatV72301Library
:app:prepareComAndroidSupportSupportV42301Library
:app:prepareComFacebookFbuiTextlayoutbuilderTextlayoutbuilder100Library
:app:prepareComFacebookFrescoDrawee130Library
:app:prepareComFacebookFrescoFbcore130Library
:app:prepareComFacebookFrescoFresco130Library
:app:prepareComFacebookFrescoImagepipeline130Library
:app:prepareComFacebookFrescoImagepipelineBase130Library
:app:prepareComFacebookFrescoImagepipelineOkhttp3130Library
:app:prepareComFacebookReactReactNative0484Library
:app:prepareComFacebookSoloaderSoloader010Library
:app:prepareOrgWebkitAndroidJscR174650Library
:app:prepareDebugDependencies
:app:compileDebugAidl UP-TO-DATE
:app:compileDebugRenderscript UP-TO-DATE
:app:generateDebugBuildConfig UP-TO-DATE
:app:mergeDebugShaders UP-TO-DATE
:app:compileDebugShaders UP-TO-DATE
:app:generateDebugAssets UP-TO-DATE
:app:mergeDebugAssets UP-TO-DATE
:app:generateDebugResValues UP-TO-DATE
:app:generateDebugResources UP-TO-DATE
:app:mergeDebugResources UP-TO-DATE
:app:bundleDebugJsAndAssets SKIPPED
:app:processDebugManifest UP-TO-DATE
:app:processDebugResources UP-TO-DATE
:app:generateDebugSources UP-TO-DATE
:app:incrementalDebugJavaCompilationSafeguard UP-TO-DATE
:app:javaPreCompileDebug
:app:compileDebugJavaWithJavac UP-TO-DATE
:app:compileDebugNdk UP-TO-DATE
:app:compileDebugSources UP-TO-DATE
:app:transformClassesWithDexForDebug UP-TO-DATE
:app:mergeDebugJniLibFolders UP-TO-DATE
:app:transformNativeLibsWithMergeJniLibsForDebug UP-TO-DATE
:app:processDebugJavaRes UP-TO-DATE
:app:transformResourcesWithMergeJavaResForDebug UP-TO-DATE
:app:validateSigningDebug
:app:packageDebug UP-TO-DATE
:app:assembleDebug UP-TO-DATE
:app:installDebug
Installing APK 'app-debug.apk' on 'XT1706 - 6.0' for app:debug
Installed on 1 device.

BUILD SUCCESSFUL

Total time: 19.867 secs
Running C:\Users\shivam.aditya\AppData\Local\Android\Sdk/platform-tools/adb -s HKE6GU2U reverse tcp:8081 tcp:8081
adb server version (32) doesn't match this client (39); killing...
* daemon started successfully *
Starting the app on HKE6GU2U (C:\Users\shivam.aditya\AppData\Local\Android\Sdk/platform-tools/adb -s HKE6GU2U shell am s
tart -n com.sampleprojectcollection/com.sampleprojectcollection.MainActivity)...
Starting: Intent { cmp=com.sampleprojectcollection/.MainActivity }
PS E:\Dailyhunt Projects\SampleProjectCollection> react-native run-android
:app:javaPreCompileDebug
:app:compileDebugJavaWithJavac UP-TO-DATE
:app:compileDebugNdk UP-TO-DATE
:app:compileDebugSources UP-TO-DATE
:app:transformClassesWithDexForDebug UP-TO-DATE
:app:mergeDebugJniLibFolders UP-TO-DATE
:app:transformNativeLibsWithMergeJniLibsForDebug UP-TO-DATE
:app:processDebugJavaRes UP-TO-DATE
:app:transformResourcesWithMergeJavaResForDebug UP-TO-DATE
:app:validateSigningDebug
:app:packageDebug UP-TO-DATE
:app:assembleDebug UP-TO-DATE
:app:installDebug
Installing APK 'app-debug.apk' on 'XT1706 - 6.0' for app:debug
Installed on 1 device.

BUILD SUCCESSFUL

Total time: 22.006 secs
Running C:\Users\shivam.aditya\AppData\Local\Android\Sdk/platform-tools/adb -s HKE6GU2U reverse tcp:8081 tcp:8081
adb server version (32) doesn't match this client (39); killing...
* daemon started successfully *
Starting the app on HKE6GU2U (C:\Users\shivam.aditya\AppData\Local\Android\Sdk/platform-tools/adb -s HKE6GU2U shell am s
tart -n com.sampleprojectcollection/com.sampleprojectcollection.MainActivity)...
Starting: Intent { cmp=com.sampleprojectcollection/.MainActivity }
PS E:\Dailyhunt Projects\SampleProjectCollection> react-native run-android

PS E:\Dailyhunt Projects\SampleProjectCollection> react-native run-android

PS E:\Dailyhunt Projects\SampleProjectCollection> react-native run-android

PS E:\Dailyhunt Projects\SampleProjectCollection> react-native run-android

PS E:\Dailyhunt Projects\SampleProjectCollection> react-native run-android

PS E:\Dailyhunt Projects\SampleProjectCollection> react-native run-android

PS E:\Dailyhunt Projects\SampleProjectCollection> react-native run-android

PS E:\Dailyhunt Projects\SampleProjectCollection> react-native run-android

PS E:\Dailyhunt Projects\SampleProjectCollection> react-native run-android

PS E:\Dailyhunt Projects\SampleProjectCollection> TerminatingError(): "The pipeline has been stopped."
>> TerminatingError(): "The pipeline has been stopped."
PS E:\Dailyhunt Projects\SampleProjectCollection> react-native run-android

PS E:\Dailyhunt Projects\SampleProjectCollection> react-native run-android

PS E:\Dailyhunt Projects\SampleProjectCollection> react-native run-android

PS E:\Dailyhunt Projects\SampleProjectCollection> react-native run-android

PS E:\Dailyhunt Projects\SampleProjectCollection> npm i react-native-html-webview

PS E:\Dailyhunt Projects\SampleProjectCollection> react-native run-android

PS E:\Dailyhunt Projects\SampleProjectCollection> npm install eslint-plugin-react

PS E:\Dailyhunt Projects\SampleProjectCollection> cd android
PS E:\Dailyhunt Projects\SampleProjectCollection\android> gradlew.bat build --stacktrace
gradlew.bat : The term 'gradlew.bat' is not recognized as the name of a cmdlet, function, script file, or operable 
program. Check the spelling of the name, or if a path was included, verify that the path is correct and try again.
At line:1 char:1
+ gradlew.bat build --stacktrace
+ ~~~~~~~~~~~
    + CategoryInfo          : ObjectNotFound: (gradlew.bat:String) [], CommandNotFoundException
    + FullyQualifiedErrorId : CommandNotFoundException
gradlew.bat : The term 'gradlew.bat' is not recognized as the name of a cmdlet, function, script file, or operable
program. Check the spelling of the name, or if a path was included, verify that the path is correct and try again.
At line:1 char:1
+ gradlew.bat build --stacktrace
+ ~~~~~~~~~~~
    + CategoryInfo          : ObjectNotFound: (gradlew.bat:String) [], CommandNotFoundException
    + FullyQualifiedErrorId : CommandNotFoundException

PS E:\Dailyhunt Projects\SampleProjectCollection\android> dir


    Directory: E:\Dailyhunt Projects\SampleProjectCollection\android


Mode                LastWriteTime         Length Name
----                -------------         ------ ----
d-----       28-09-2017     18:36                .gradle
d-----       28-09-2017     23:02                .idea
d-----       28-09-2017     18:36                app
d-----       28-09-2017     18:37                build
d-----       25-09-2017     00:08                gradle
d-----       25-09-2017     00:08                keystores
-a----       28-09-2017     18:36            642 build.gradle
-a----       28-09-2017     23:03            916 gradle.properties
-a----       25-09-2017     00:08           5080 gradlew
-a----       25-09-2017     00:08           2404 gradlew.bat
-a----       28-09-2017     18:35            497 local.properties
-a----       28-09-2017     18:36            877 SampleProjectCollection.iml
-a----       25-09-2017     00:08             61 settings.gradle


PS E:\Dailyhunt Projects\SampleProjectCollection\android> run gradlew.bat build --stacktrace
run : The term 'run' is not recognized as the name of a cmdlet, function, script file, or operable program. Check the 
spelling of the name, or if a path was included, verify that the path is correct and try again.
At line:1 char:1
+ run gradlew.bat build --stacktrace
+ ~~~
    + CategoryInfo          : ObjectNotFound: (run:String) [], CommandNotFoundException
    + FullyQualifiedErrorId : CommandNotFoundException
run : The term 'run' is not recognized as the name of a cmdlet, function, script file, or operable program. Check the
spelling of the name, or if a path was included, verify that the path is correct and try again.
At line:1 char:1
+ run gradlew.bat build --stacktrace
+ ~~~
    + CategoryInfo          : ObjectNotFound: (run:String) [], CommandNotFoundException
    + FullyQualifiedErrorId : CommandNotFoundException

PS E:\Dailyhunt Projects\SampleProjectCollection\android> gradlew.bat build --stacktrace
gradlew.bat : The term 'gradlew.bat' is not recognized as the name of a cmdlet, function, script file, or operable 
program. Check the spelling of the name, or if a path was included, verify that the path is correct and try again.
At line:1 char:1
+ gradlew.bat build --stacktrace
+ ~~~~~~~~~~~
    + CategoryInfo          : ObjectNotFound: (gradlew.bat:String) [], CommandNotFoundException
    + FullyQualifiedErrorId : CommandNotFoundException
gradlew.bat : The term 'gradlew.bat' is not recognized as the name of a cmdlet, function, script file, or operable
program. Check the spelling of the name, or if a path was included, verify that the path is correct and try again.
At line:1 char:1
+ gradlew.bat build --stacktrace
+ ~~~~~~~~~~~
    + CategoryInfo          : ObjectNotFound: (gradlew.bat:String) [], CommandNotFoundException
    + FullyQualifiedErrorId : CommandNotFoundException

PS E:\Dailyhunt Projects\SampleProjectCollection\android> gradlew.bat build
gradlew.bat : The term 'gradlew.bat' is not recognized as the name of a cmdlet, function, script file, or operable 
program. Check the spelling of the name, or if a path was included, verify that the path is correct and try again.
At line:1 char:1
+ gradlew.bat build
+ ~~~~~~~~~~~
    + CategoryInfo          : ObjectNotFound: (gradlew.bat:String) [], CommandNotFoundException
    + FullyQualifiedErrorId : CommandNotFoundException
gradlew.bat : The term 'gradlew.bat' is not recognized as the name of a cmdlet, function, script file, or operable
program. Check the spelling of the name, or if a path was included, verify that the path is correct and try again.
At line:1 char:1
+ gradlew.bat build
+ ~~~~~~~~~~~
    + CategoryInfo          : ObjectNotFound: (gradlew.bat:String) [], CommandNotFoundException
    + FullyQualifiedErrorId : CommandNotFoundException

PS E:\Dailyhunt Projects\SampleProjectCollection\android> cd ..
PS E:\Dailyhunt Projects\SampleProjectCollection> gradlew.bat build --stacktrace
gradlew.bat : The term 'gradlew.bat' is not recognized as the name of a cmdlet, function, script file, or operable 
program. Check the spelling of the name, or if a path was included, verify that the path is correct and try again.
At line:1 char:1
+ gradlew.bat build --stacktrace
+ ~~~~~~~~~~~
    + CategoryInfo          : ObjectNotFound: (gradlew.bat:String) [], CommandNotFoundException
    + FullyQualifiedErrorId : CommandNotFoundException
gradlew.bat : The term 'gradlew.bat' is not recognized as the name of a cmdlet, function, script file, or operable
program. Check the spelling of the name, or if a path was included, verify that the path is correct and try again.
At line:1 char:1
+ gradlew.bat build --stacktrace
+ ~~~~~~~~~~~
    + CategoryInfo          : ObjectNotFound: (gradlew.bat:String) [], CommandNotFoundException
    + FullyQualifiedErrorId : CommandNotFoundException

PS E:\Dailyhunt Projects\SampleProjectCollection> gradlew.bat build --stacktrace
gradlew.bat : The term 'gradlew.bat' is not recognized as the name of a cmdlet, function, script file, or operable 
program. Check the spelling of the name, or if a path was included, verify that the path is correct and try again.
At line:1 char:1
+ gradlew.bat build --stacktrace
+ ~~~~~~~~~~~
    + CategoryInfo          : ObjectNotFound: (gradlew.bat:String) [], CommandNotFoundException
    + FullyQualifiedErrorId : CommandNotFoundException
gradlew.bat : The term 'gradlew.bat' is not recognized as the name of a cmdlet, function, script file, or operable
program. Check the spelling of the name, or if a path was included, verify that the path is correct and try again.
At line:1 char:1
+ gradlew.bat build --stacktrace
+ ~~~~~~~~~~~
    + CategoryInfo          : ObjectNotFound: (gradlew.bat:String) [], CommandNotFoundException
    + FullyQualifiedErrorId : CommandNotFoundException

PS E:\Dailyhunt Projects\SampleProjectCollection> react-native run-android

PS E:\Dailyhunt Projects\SampleProjectCollection> react-native run-android

PS E:\Dailyhunt Projects\SampleProjectCollection> react-native run-android

PS E:\Dailyhunt Projects\SampleProjectCollection> TerminatingError(): "The pipeline has been stopped."
>> TerminatingError(): "The pipeline has been stopped."
PS E:\Dailyhunt Projects\SampleProjectCollection> npm start -- --reset-cache

PS E:\Dailyhunt Projects\SampleProjectCollection> TerminatingError(): "The pipeline has been stopped."
>> TerminatingError(): "The pipeline has been stopped."
PS E:\Dailyhunt Projects\SampleProjectCollection> watchman watch-del-all
watchman : The term 'watchman' is not recognized as the name of a cmdlet, function, script file, or operable program. 
Check the spelling of the name, or if a path was included, verify that the path is correct and try again.
At line:1 char:1
+ watchman watch-del-all
+ ~~~~~~~~
    + CategoryInfo          : ObjectNotFound: (watchman:String) [], CommandNotFoundException
    + FullyQualifiedErrorId : CommandNotFoundException
watchman : The term 'watchman' is not recognized as the name of a cmdlet, function, script file, or operable program.
Check the spelling of the name, or if a path was included, verify that the path is correct and try again.
At line:1 char:1
+ watchman watch-del-all
+ ~~~~~~~~
    + CategoryInfo          : ObjectNotFound: (watchman:String) [], CommandNotFoundException
    + FullyQualifiedErrorId : CommandNotFoundException

PS E:\Dailyhunt Projects\SampleProjectCollection> npm install

PS E:\Dailyhunt Projects\SampleProjectCollection> npm start -- --reset-cache

PS E:\Dailyhunt Projects\SampleProjectCollection> TerminatingError(): "The pipeline has been stopped."
>> TerminatingError(): "The pipeline has been stopped."
PS E:\Dailyhunt Projects\SampleProjectCollection> react-native run-android

PS E:\Dailyhunt Projects\SampleProjectCollection> exit
**********************
Windows PowerShell transcript end
End time: 20170929181246
**********************
